Archive member included to satisfy reference by file (symbol)

c:/program files (x86)/atmel/studio/7.0/toolchain/avr8/avr8-gnu-toolchain/bin/../lib/gcc/avr/4.9.2/../../../../avr/lib/avr5\libm.a(addsf3.o)
                              Arduino/ArduinoCore/Print.o (__subsf3)
c:/program files (x86)/atmel/studio/7.0/toolchain/avr8/avr8-gnu-toolchain/bin/../lib/gcc/avr/4.9.2/../../../../avr/lib/avr5\libm.a(addsf3x.o)
                              c:/program files (x86)/atmel/studio/7.0/toolchain/avr8/avr8-gnu-toolchain/bin/../lib/gcc/avr/4.9.2/../../../../avr/lib/avr5\libm.a(addsf3.o) (__addsf3x)
c:/program files (x86)/atmel/studio/7.0/toolchain/avr8/avr8-gnu-toolchain/bin/../lib/gcc/avr/4.9.2/../../../../avr/lib/avr5\libm.a(asin.o)
                              Sketch.o (asin)
c:/program files (x86)/atmel/studio/7.0/toolchain/avr8/avr8-gnu-toolchain/bin/../lib/gcc/avr/4.9.2/../../../../avr/lib/avr5\libm.a(atan2.o)
                              Sketch.o (atan2)
c:/program files (x86)/atmel/studio/7.0/toolchain/avr8/avr8-gnu-toolchain/bin/../lib/gcc/avr/4.9.2/../../../../avr/lib/avr5\libm.a(atan.o)
                              Sketch.o (atan)
c:/program files (x86)/atmel/studio/7.0/toolchain/avr8/avr8-gnu-toolchain/bin/../lib/gcc/avr/4.9.2/../../../../avr/lib/avr5\libm.a(cmpsf2.o)
                              Arduino/ArduinoCore/Print.o (__ltsf2)
c:/program files (x86)/atmel/studio/7.0/toolchain/avr8/avr8-gnu-toolchain/bin/../lib/gcc/avr/4.9.2/../../../../avr/lib/avr5\libm.a(divsf3.o)
                              Arduino/ArduinoCore/Print.o (__divsf3)
c:/program files (x86)/atmel/studio/7.0/toolchain/avr8/avr8-gnu-toolchain/bin/../lib/gcc/avr/4.9.2/../../../../avr/lib/avr5\libm.a(divsf3x.o)
                              c:/program files (x86)/atmel/studio/7.0/toolchain/avr8/avr8-gnu-toolchain/bin/../lib/gcc/avr/4.9.2/../../../../avr/lib/avr5\libm.a(divsf3.o) (__divsf3x)
c:/program files (x86)/atmel/studio/7.0/toolchain/avr8/avr8-gnu-toolchain/bin/../lib/gcc/avr/4.9.2/../../../../avr/lib/avr5\libm.a(fixsfsi.o)
                              Arduino/ArduinoCore/Print.o (__fixsfsi)
c:/program files (x86)/atmel/studio/7.0/toolchain/avr8/avr8-gnu-toolchain/bin/../lib/gcc/avr/4.9.2/../../../../avr/lib/avr5\libm.a(fixunssfsi.o)
                              Arduino/ArduinoCore/Print.o (__fixunssfsi)
c:/program files (x86)/atmel/studio/7.0/toolchain/avr8/avr8-gnu-toolchain/bin/../lib/gcc/avr/4.9.2/../../../../avr/lib/avr5\libm.a(floatsisf.o)
                              Arduino/ArduinoCore/Print.o (__floatunsisf)
c:/program files (x86)/atmel/studio/7.0/toolchain/avr8/avr8-gnu-toolchain/bin/../lib/gcc/avr/4.9.2/../../../../avr/lib/avr5\libm.a(fp_arccos.o)
                              c:/program files (x86)/atmel/studio/7.0/toolchain/avr8/avr8-gnu-toolchain/bin/../lib/gcc/avr/4.9.2/../../../../avr/lib/avr5\libm.a(asin.o) (__fp_arccos)
c:/program files (x86)/atmel/studio/7.0/toolchain/avr8/avr8-gnu-toolchain/bin/../lib/gcc/avr/4.9.2/../../../../avr/lib/avr5\libm.a(fp_cmp.o)
                              c:/program files (x86)/atmel/studio/7.0/toolchain/avr8/avr8-gnu-toolchain/bin/../lib/gcc/avr/4.9.2/../../../../avr/lib/avr5\libm.a(cmpsf2.o) (__fp_cmp)
c:/program files (x86)/atmel/studio/7.0/toolchain/avr8/avr8-gnu-toolchain/bin/../lib/gcc/avr/4.9.2/../../../../avr/lib/avr5\libm.a(fp_inf.o)
                              c:/program files (x86)/atmel/studio/7.0/toolchain/avr8/avr8-gnu-toolchain/bin/../lib/gcc/avr/4.9.2/../../../../avr/lib/avr5\libm.a(addsf3x.o) (__fp_inf)
c:/program files (x86)/atmel/studio/7.0/toolchain/avr8/avr8-gnu-toolchain/bin/../lib/gcc/avr/4.9.2/../../../../avr/lib/avr5\libm.a(fp_nan.o)
                              c:/program files (x86)/atmel/studio/7.0/toolchain/avr8/avr8-gnu-toolchain/bin/../lib/gcc/avr/4.9.2/../../../../avr/lib/avr5\libm.a(addsf3x.o) (__fp_nan)
c:/program files (x86)/atmel/studio/7.0/toolchain/avr8/avr8-gnu-toolchain/bin/../lib/gcc/avr/4.9.2/../../../../avr/lib/avr5\libm.a(fp_powser.o)
                              c:/program files (x86)/atmel/studio/7.0/toolchain/avr8/avr8-gnu-toolchain/bin/../lib/gcc/avr/4.9.2/../../../../avr/lib/avr5\libm.a(atan.o) (__fp_powser)
c:/program files (x86)/atmel/studio/7.0/toolchain/avr8/avr8-gnu-toolchain/bin/../lib/gcc/avr/4.9.2/../../../../avr/lib/avr5\libm.a(fp_powsodd.o)
                              c:/program files (x86)/atmel/studio/7.0/toolchain/avr8/avr8-gnu-toolchain/bin/../lib/gcc/avr/4.9.2/../../../../avr/lib/avr5\libm.a(asin.o) (__fp_powsodd)
c:/program files (x86)/atmel/studio/7.0/toolchain/avr8/avr8-gnu-toolchain/bin/../lib/gcc/avr/4.9.2/../../../../avr/lib/avr5\libm.a(fp_pscA.o)
                              c:/program files (x86)/atmel/studio/7.0/toolchain/avr8/avr8-gnu-toolchain/bin/../lib/gcc/avr/4.9.2/../../../../avr/lib/avr5\libm.a(addsf3x.o) (__fp_pscA)
[...]
Memory Configuration

Name             Origin             Length             Attributes
text             0x00000000         0x00020000         xr
data             0x00800060         0x0000ffa0         rw !x
eeprom           0x00810000         0x00010000         rw !x
fuse             0x00820000         0x00000400         rw !x
lock             0x00830000         0x00000400         rw !x
signature        0x00840000         0x00000400         rw !x
user_signatures  0x00850000         0x00000400         rw !x
*default*        0x00000000         0xffffffff

Linker script and memory map

Address of section .data set to 0x800100
LOAD C:/Program Files (x86)/Atmel/Studio/7.0/Packs/atmel/ATmega_DFP/1.0.90/gcc/dev/atmega328p/avr5/crtatmega328p.o
LOAD Arduino/ArduinoCore/abi.o
LOAD Arduino/ArduinoCore/CDC.o
LOAD Arduino/ArduinoCore/HardwareSerial.o
LOAD Arduino/ArduinoCore/HardwareSerial0.o
LOAD Arduino/ArduinoCore/HardwareSerial1.o
LOAD Arduino/ArduinoCore/HardwareSerial2.o
LOAD Arduino/ArduinoCore/HardwareSerial3.o
LOAD Arduino/ArduinoCore/hooks.o
LOAD Arduino/ArduinoCore/IPAddress.o
LOAD Arduino/ArduinoCore/main.o
LOAD Arduino/ArduinoCore/new.o
LOAD Arduino/ArduinoCore/PluggableUSB.o
LOAD Arduino/ArduinoCore/Print.o
LOAD Arduino/ArduinoCore/Stream.o
LOAD Arduino/ArduinoCore/Tone.o
LOAD Arduino/ArduinoCore/USBCore.o
LOAD Arduino/ArduinoCore/WInterrupts.o
LOAD Arduino/ArduinoCore/wiring.o
LOAD Arduino/ArduinoCore/wiring_analog.o
LOAD Arduino/ArduinoCore/wiring_digital.o
LOAD Arduino/ArduinoCore/wiring_pulse.o
LOAD Arduino/ArduinoCore/wiring_shift.o
LOAD Arduino/ArduinoCore/WMath.o
LOAD Arduino/ArduinoCore/WString.o
LOAD Arduino/ExtensionLibraries/DCMotorBot-master/DCMotorBot.o
LOAD Arduino/ExtensionLibraries/I2Cdev/I2Cdev.o
LOAD Arduino/ExtensionLibraries/MPU6050/MPU6050.o
LOAD Arduino/StandardLibraries/SoftwareSerial/SoftwareSerial.o
LOAD Arduino/StandardLibraries/Wire/utility/twi.o
LOAD Arduino/StandardLibraries/Wire/Wire.o
LOAD Sketch.o
START GROUP
LOAD c:/program files (x86)/atmel/studio/7.0/toolchain/avr8/avr8-gnu-toolchain/bin/../lib/gcc/avr/4.9.2/../../../../avr/lib/avr5\libm.a
END GROUP
LOAD c:/program files (x86)/atmel/studio/7.0/toolchain/avr8/avr8-gnu-toolchain/bin/../lib/gcc/avr/4.9.2/avr5\libgcc.a
LOAD c:/program files (x86)/atmel/studio/7.0/toolchain/avr8/avr8-gnu-toolchain/bin/../lib/gcc/avr/4.9.2/../../../../avr/lib/avr5\libm.a
START GROUP
LOAD c:/program files (x86)/atmel/studio/7.0/toolchain/avr8/avr8-gnu-toolchain/bin/../lib/gcc/avr/4.9.2/avr5\libgcc.a
LOAD c:/program files (x86)/atmel/studio/7.0/toolchain/avr8/avr8-gnu-toolchain/bin/../lib/gcc/avr/4.9.2/../../../../avr/lib/avr5\libm.a
LOAD c:/program files (x86)/atmel/studio/7.0/toolchain/avr8/avr8-gnu-toolchain/bin/../lib/gcc/avr/4.9.2/../../../../avr/lib/avr5\libc.a
LOAD C:/Program Files (x86)/Atmel/Studio/7.0/Packs/atmel/ATmega_DFP/1.0.90/gcc/dev/atmega328p/avr5\libatmega328p.a
END GROUP

.hash
 *(.hash)

.dynsym
 *(.dynsym)

.dynstr
 *(.dynstr)

.gnu.version
 *(.gnu.version)

.gnu.version_d
 *(.gnu.version_d)

.gnu.version_r
 *(.gnu.version_r)

.rel.init
 *(.rel.init)

.rela.init
 *(.rela.init)

.rel.text
 *(.rel.text)
 *(.rel.text.*)
 *(.rel.gnu.linkonce.t*)

.rela.text
 *(.rela.text)
 *(.rela.text.*)
 *(.rela.gnu.linkonce.t*)

.rel.fini
 *(.rel.fini)

.rela.fini
 *(.rela.fini)

.rel.rodata
 *(.rel.rodata)
 *(.rel.rodata.*)
 *(.rel.gnu.linkonce.r*)

.rela.rodata
 *(.rela.rodata)
 *(.rela.rodata.*)
 *(.rela.gnu.linkonce.r*)

.rel.data
 *(.rel.data)
 *(.rel.data.*)
 *(.rel.gnu.linkonce.d*)

.rela.data
 *(.rela.data)
 *(.rela.data.*)
 *(.rela.gnu.linkonce.d*)

.rel.ctors
 *(.rel.ctors)

.rela.ctors
 *(.rela.ctors)

.rel.dtors
 *(.rel.dtors)

.rela.dtors
 *(.rela.dtors)

.rel.got
 *(.rel.got)

.rela.got
 *(.rela.got)

.rel.bss
 *(.rel.bss)

.rela.bss
 *(.rela.bss)

.rel.plt
 *(.rel.plt)

.rela.plt
 *(.rela.plt)

.text           0x00000000     0x57f6
 *(.vectors)
 .vectors       0x00000000       0x68 C:/Program Files (x86)/Atmel/Studio/7.0/Packs/atmel/ATmega_DFP/1.0.90/gcc/dev/atmega328p/avr5/crtatmega328p.o
                0x00000000                __vector_default
                0x00000000                __vectors
 *(.vectors)
 *(.progmem.gcc*)
 .progmem.gcc_sw_table.__vector_24
                0x00000068      0x192 Arduino/StandardLibraries/Wire/utility/twi.o
 .progmem.gcc_fplib
                0x000001fa       0x2d c:/program files (x86)/atmel/studio/7.0/toolchain/avr8/avr8-gnu-toolchain/bin/../lib/gcc/avr/4.9.2/../../../../avr/lib/avr5\libm.a(atan.o)
                0x00000228                . = ALIGN (0x2)
 *fill*         0x00000227        0x1 
                0x00000228                __trampolines_start = .
 *(.trampolines)
 .trampolines   0x00000228        0x0 linker stubs
 *(.trampolines*)
                0x00000228                __trampolines_end = .
 *(.progmem*)
 .progmem.data._ZL21tone_pin_to_timer_PGM
                0x00000228        0x1 Arduino/ArduinoCore/Tone.o
 .progmem.data.digital_pin_to_timer_PGM
                0x00000229       0x14 Arduino/ArduinoCore/wiring_digital.o
                0x00000229                digital_pin_to_timer_PGM
 .progmem.data.digital_pin_to_bit_mask_PGM
                0x0000023d       0x14 Arduino/ArduinoCore/wiring_digital.o
                0x0000023d                digital_pin_to_bit_mask_PGM
 .progmem.data.digital_pin_to_port_PGM
                0x00000251       0x14 Arduino/ArduinoCore/wiring_digital.o
                0x00000251                digital_pin_to_port_PGM
 .progmem.data.port_to_output_PGM
                0x00000265        0xa Arduino/ArduinoCore/wiring_digital.o
                0x00000265                port_to_output_PGM
 .progmem.data.port_to_mode_PGM
                0x0000026f        0xa Arduino/ArduinoCore/wiring_digital.o
                0x0000026f                port_to_mode_PGM
 .progmem.data._ZZ4loopE3__c
                0x00000279        0xf Sketch.o
 .progmem.data._ZZ5setupE3__c_9
                0x00000288        0x2 Sketch.o
 .progmem.data._ZZ5setupE3__c_8
                0x0000028a       0x21 Sketch.o
 .progmem.data._ZZ5setupE3__c_7
                0x000002ab       0x2a Sketch.o
 .progmem.data._ZZ5setupE3__c_6
                0x000002d5       0x3f Sketch.o
 .progmem.data._ZZ5setupE3__c_5
                0x00000314       0x10 Sketch.o
 .progmem.data._ZZ5setupE3__c_4
                0x00000324       0x14 Sketch.o
 .progmem.data._ZZ5setupE3__c_3
                0x00000338       0x38 Sketch.o
 .progmem.data._ZZ5setupE3__c_2
                0x00000370       0x1a Sketch.o
 .progmem.data._ZZ5setupE3__c_1
                0x0000038a       0x1e Sketch.o
 .progmem.data._ZZ5setupE3__c_0
                0x000003a8       0x1e Sketch.o
 .progmem.data._ZZ5setupE3__c
                0x000003c6       0x1c Sketch.o
 .progmem.data._ZZN7MPU605013dmpInitializeEvE3__c_66
                0x000003e2       0x25 Sketch.o
 .progmem.data._ZZN7MPU605013dmpInitializeEvE3__c_65
                0x00000407       0x2e Sketch.o
 .progmem.data._ZZN7MPU605013dmpInitializeEvE3__c_64
                0x00000435       0x38 Sketch.o
 .progmem.data._ZZN7MPU605013dmpInitializeEvE3__c_63
                0x0000046d       0x3b Sketch.o
 .progmem.data._ZZN7MPU605013dmpInitializeEvE3__c_62
                0x000004a8       0x28 Sketch.o
 .progmem.data._ZZN7MPU605013dmpInitializeEvE3__c_61
                0x000004d0       0x1c Sketch.o
 .progmem.data._ZZN7MPU605013dmpInitializeEvE3__c_60
                0x000004ec       0x36 Sketch.o
 .progmem.data._ZZN7MPU605013dmpInitializeEvE3__c_59
                0x00000522       0x1a Sketch.o
 .progmem.data._ZZN7MPU605013dmpInitializeEvE3__c_58
                0x0000053c       0x1c Sketch.o
 .progmem.data._ZZN7MPU605013dmpInitializeEvE3__c_57
                0x00000558       0x15 Sketch.o
 .progmem.data._ZZN7MPU605013dmpInitializeEvE3__c_56
                0x0000056d       0x14 Sketch.o
 .progmem.data._ZZN7MPU605013dmpInitializeEvE3__c_55
                0x00000581       0x1e Sketch.o
 .progmem.data._ZZN7MPU605013dmpInitializeEvE3__c_54
                0x0000059f       0x36 Sketch.o
 .progmem.data._ZZN7MPU605013dmpInitializeEvE3__c_53
                0x000005d5       0x1a Sketch.o
 .progmem.data._ZZN7MPU605013dmpInitializeEvE3__c_52
                0x000005ef       0x1c Sketch.o
 .progmem.data._ZZN7MPU605013dmpInitializeEvE3__c_51
                0x0000060b       0x15 Sketch.o
 .progmem.data._ZZN7MPU605013dmpInitializeEvE3__c_50
                0x00000620       0x14 Sketch.o
 .progmem.data._ZZN7MPU605013dmpInitializeEvE3__c_49
                0x00000634       0x1e Sketch.o
 .progmem.data._ZZN7MPU605013dmpInitializeEvE3__c_48
                0x00000652       0x36 Sketch.o
 .progmem.data._ZZN7MPU605013dmpInitializeEvE3__c_47
                0x00000688       0x36 Sketch.o
 .progmem.data._ZZN7MPU605013dmpInitializeEvE3__c_46
                0x000006be       0x36 Sketch.o
 .progmem.data._ZZN7MPU605013dmpInitializeEvE3__c_45
                0x000006f4       0x11 Sketch.o
 .progmem.data._ZZN7MPU605013dmpInitializeEvE3__c_44
                0x00000705       0x10 Sketch.o
 .progmem.data._ZZN7MPU605013dmpInitializeEvE3__c_43
                0x00000715       0x11 Sketch.o
 .progmem.data._ZZN7MPU605013dmpInitializeEvE3__c_42
                0x00000726       0x12 Sketch.o
 .progmem.data._ZZN7MPU605013dmpInitializeEvE3__c_41
                0x00000738       0x2f Sketch.o
 .progmem.data._ZZN7MPU605013dmpInitializeEvE3__c_40
                0x00000767       0x2b Sketch.o
 .progmem.data._ZZN7MPU605013dmpInitializeEvE3__c_39
                0x00000792       0x32 Sketch.o
 .progmem.data._ZZN7MPU605013dmpInitializeEvE3__c_38
                0x000007c4       0x2b Sketch.o
 .progmem.data._ZZN7MPU605013dmpInitializeEvE3__c_37
                0x000007ef       0x14 Sketch.o
 .progmem.data._ZZN7MPU605013dmpInitializeEvE3__c_36
                0x00000803       0x16 Sketch.o
 .progmem.data._ZZN7MPU605013dmpInitializeEvE3__c_35
                0x00000819       0x12 Sketch.o
 .progmem.data._ZZN7MPU605013dmpInitializeEvE3__c_34
                0x0000082b       0x36 Sketch.o
 .progmem.data._ZZN7MPU605013dmpInitializeEvE3__c_33
                0x00000861       0x36 Sketch.o
 .progmem.data._ZZN7MPU605013dmpInitializeEvE3__c_32
                0x00000897       0x34 Sketch.o
 .progmem.data._ZZN7MPU605013dmpInitializeEvE3__c_31
                0x000008cb       0x1a Sketch.o
 .progmem.data._ZZN7MPU605013dmpInitializeEvE3__c_30
                0x000008e5       0x36 Sketch.o
 .progmem.data._ZZN7MPU605013dmpInitializeEvE3__c_29
                0x0000091b       0x30 Sketch.o
 .progmem.data._ZZN7MPU605013dmpInitializeEvE3__c_28
                0x0000094b       0x22 Sketch.o
 .progmem.data._ZZN7MPU605013dmpInitializeEvE3__c_27
                0x0000096d       0x30 Sketch.o
 .progmem.data._ZZN7MPU605013dmpInitializeEvE3__c_26
                0x0000099d       0x20 Sketch.o
 .progmem.data._ZZN7MPU605013dmpInitializeEvE3__c_25
                0x000009bd       0x31 Sketch.o
 .progmem.data._ZZN7MPU605013dmpInitializeEvE3__c_24
                0x000009ee       0x22 Sketch.o
 .progmem.data._ZZN7MPU605013dmpInitializeEvE3__c_23
                0x00000a10       0x31 Sketch.o
 .progmem.data._ZZN7MPU605013dmpInitializeEvE3__c_22
                0x00000a41       0x16 Sketch.o
 .progmem.data._ZZN7MPU605013dmpInitializeEvE3__c_21
                0x00000a57       0x30 Sketch.o
 .progmem.data._ZZN7MPU605013dmpInitializeEvE3__c_20
                0x00000a87       0x28 Sketch.o
 .progmem.data._ZZN7MPU605013dmpInitializeEvE3__c_19
                0x00000aaf        0x8 Sketch.o
 .progmem.data._ZZN7MPU605013dmpInitializeEvE3__c_18
                0x00000ab7       0x27 Sketch.o
 .progmem.data._ZZN7MPU605013dmpInitializeEvE3__c_17
                0x00000ade       0x20 Sketch.o
 .progmem.data._ZZN7MPU605013dmpInitializeEvE3__c_16
                0x00000afe       0x2a Sketch.o
 .progmem.data._ZZN7MPU605013dmpInitializeEvE3__c_15
                0x00000b28       0x1d Sketch.o
 .progmem.data._ZZN7MPU605013dmpInitializeEvE3__c_14
                0x00000b45       0x23 Sketch.o
 .progmem.data._ZZN7MPU605013dmpInitializeEvE3__c_13
                0x00000b68       0x11 Sketch.o
 .progmem.data._ZZN7MPU605013dmpInitializeEvE3__c_12
                0x00000b79       0x11 Sketch.o
 .progmem.data._ZZN7MPU605013dmpInitializeEvE3__c_11
                0x00000b8a       0x11 Sketch.o
 .progmem.data._ZZN7MPU605013dmpInitializeEvE3__c_10
                0x00000b9b       0x21 Sketch.o
 .progmem.data._ZZN7MPU605013dmpInitializeEvE3__c_9
                0x00000bbc        0x9 Sketch.o
 .progmem.data._ZZN7MPU605013dmpInitializeEvE3__c_8
                0x00000bc5        0x7 Sketch.o
 .progmem.data._ZZN7MPU605013dmpInitializeEvE3__c_7
                0x00000bcc        0xd Sketch.o
 .progmem.data._ZZN7MPU605013dmpInitializeEvE3__c_6
                0x00000bd9       0x1f Sketch.o
 .progmem.data._ZZN7MPU605013dmpInitializeEvE3__c_5
                0x00000bf8       0x28 Sketch.o
 .progmem.data._ZZN7MPU605013dmpInitializeEvE3__c_4
                0x00000c20       0x1a Sketch.o
 .progmem.data._ZZN7MPU605013dmpInitializeEvE3__c_3
                0x00000c3a       0x1e Sketch.o
 .progmem.data._ZZN7MPU605013dmpInitializeEvE3__c_2
                0x00000c58       0x1b Sketch.o
 .progmem.data._ZZN7MPU605013dmpInitializeEvE3__c_1
                0x00000c73       0x1a Sketch.o
 .progmem.data._ZZN7MPU605013dmpInitializeEvE3__c_0
                0x00000c8d       0x18 Sketch.o
 .progmem.data._ZZN7MPU605013dmpInitializeEvE3__c
                0x00000ca5       0x17 Sketch.o
 .progmem.data._ZL10dmpUpdates
                0x00000cbc       0x2f Sketch.o
 .progmem.data._ZL9dmpConfig
                0x00000ceb       0xc0 Sketch.o
 .progmem.data._ZL9dmpMemory
                0x00000dab      0x789 Sketch.o
                0x00001534                . = ALIGN (0x2)
 *(.jumptables)
 *(.jumptables*)
 *(.lowtext)
 *(.lowtext*)
                0x00001534                __ctors_start = .
 *(.ctors)
 .ctors         0x00001534        0x2 Arduino/ArduinoCore/HardwareSerial0.o
 .ctors         0x00001536        0x2 Arduino/ArduinoCore/IPAddress.o
 .ctors         0x00001538        0x2 Arduino/StandardLibraries/Wire/Wire.o
 .ctors         0x0000153a        0x2 Sketch.o
                0x0000153c                __ctors_end = .
                0x0000153c                __dtors_start = .
 *(.dtors)
                0x0000153c                __dtors_end = .
 SORT(*)(.ctors)
 SORT(*)(.dtors)
 *(.init0)
 .init0         0x0000153c        0x0 C:/Program Files (x86)/Atmel/Studio/7.0/Packs/atmel/ATmega_DFP/1.0.90/gcc/dev/atmega328p/avr5/crtatmega328p.o
                0x0000153c                __init
 *(.init0)
 *(.init1)
 *(.init1)
 *(.init2)
 .init2         0x0000153c        0xc C:/Program Files (x86)/Atmel/Studio/7.0/Packs/atmel/ATmega_DFP/1.0.90/gcc/dev/atmega328p/avr5/crtatmega328p.o
 *(.init2)
 *(.init3)
 *(.init3)
 *(.init4)
 .init4         0x00001548       0x16 c:/program files (x86)/atmel/studio/7.0/toolchain/avr8/avr8-gnu-toolchain/bin/../lib/gcc/avr/4.9.2/avr5\libgcc.a(_copy_data.o)
                0x00001548                __do_copy_data
 .init4         0x0000155e       0x10 c:/program files (x86)/atmel/studio/7.0/toolchain/avr8/avr8-gnu-toolchain/bin/../lib/gcc/avr/4.9.2/avr5\libgcc.a(_clear_bss.o)
                0x0000155e                __do_clear_bss
 *(.init4)
 *(.init5)
 *(.init5)
 *(.init6)
 .init6         0x0000156e       0x16 c:/program files (x86)/atmel/studio/7.0/toolchain/avr8/avr8-gnu-toolchain/bin/../lib/gcc/avr/4.9.2/avr5\libgcc.a(_ctors.o)
                0x0000156e                __do_global_ctors
 *(.init6)
 *(.init7)
 *(.init7)
 *(.init8)
 *(.init8)
 *(.init9)
 .init9         0x00001584        0x8 C:/Program Files (x86)/Atmel/Studio/7.0/Packs/atmel/ATmega_DFP/1.0.90/gcc/dev/atmega328p/avr5/crtatmega328p.o
 *(.init9)
 *(.text)
 .text          0x0000158c        0x4 C:/Program Files (x86)/Atmel/Studio/7.0/Packs/atmel/ATmega_DFP/1.0.90/gcc/dev/atmega328p/avr5/crtatmega328p.o
                0x0000158c                __vector_22
                0x0000158c                __vector_12
                0x0000158c                __bad_interrupt
                0x0000158c                __vector_6
                0x0000158c                __vector_23
                0x0000158c                __vector_25
                0x0000158c                __vector_11
                0x0000158c                __vector_13
                0x0000158c                __vector_17
                0x0000158c                __vector_9
                0x0000158c                __vector_21
                0x0000158c                __vector_15
                0x0000158c                __vector_8
                0x0000158c                __vector_14
                0x0000158c                __vector_10
                0x0000158c                __vector_20
                0x00001590                . = ALIGN (0x2)
 *(.text.*)
 .text._ZN14HardwareSerial9availableEv
                0x00001590       0x18 Arduino/ArduinoCore/HardwareSerial.o
                0x00001590                _ZN14HardwareSerial9availableEv
 .text._ZN14HardwareSerial4peekEv
                0x000015a8       0x1c Arduino/ArduinoCore/HardwareSerial.o
                0x000015a8                _ZN14HardwareSerial4peekEv
 .text._ZN14HardwareSerial4readEv
                0x000015c4       0x28 Arduino/ArduinoCore/HardwareSerial.o
                0x000015c4                _ZN14HardwareSerial4readEv
 .text._Z14serialEventRunv
                0x000015ec       0x1c Arduino/ArduinoCore/HardwareSerial.o
                0x000015ec                _Z14serialEventRunv
 .text._ZN14HardwareSerial17_tx_udr_empty_irqEv
                0x00001608       0x54 Arduino/ArduinoCore/HardwareSerial.o
                0x00001608                _ZN14HardwareSerial17_tx_udr_empty_irqEv
 .text._ZN14HardwareSerial5flushEv
                0x0000165c       0x44 Arduino/ArduinoCore/HardwareSerial.o
                0x0000165c                _ZN14HardwareSerial5flushEv
 .text._ZN14HardwareSerial5writeEh
                0x000016a0       0x9e Arduino/ArduinoCore/HardwareSerial.o
                0x000016a0                _ZN14HardwareSerial5writeEh
 .text._ZN14HardwareSerial5beginEmh
                0x0000173e       0xd2 Arduino/ArduinoCore/HardwareSerial.o
                0x0000173e                _ZN14HardwareSerial5beginEmh
 .text.__vector_18
                0x00001810       0x70 Arduino/ArduinoCore/HardwareSerial0.o
                0x00001810                __vector_18
 .text.__vector_19
                0x00001880       0x4c Arduino/ArduinoCore/HardwareSerial0.o
                0x00001880                __vector_19
 .text._Z17Serial0_availablev
                0x000018cc       0x14 Arduino/ArduinoCore/HardwareSerial0.o
                0x000018cc                _Z17Serial0_availablev
 .text._GLOBAL__sub_I___vector_18
                0x000018e0       0x5a Arduino/ArduinoCore/HardwareSerial0.o
 .text.__empty  0x0000193a        0x2 Arduino/ArduinoCore/hooks.o
                0x0000193a                yield
 .text._ZNK9IPAddress7printToER5Print
                0x0000193c       0x84 Arduino/ArduinoCore/IPAddress.o
                0x0000193c                _ZNK9IPAddress7printToER5Print
 .text._GLOBAL__sub_I__ZN9IPAddressC2Ev
                0x000019c0       0x16 Arduino/ArduinoCore/IPAddress.o
 .text.initVariant
                0x000019d6        0x2 Arduino/ArduinoCore/main.o
                0x000019d6                initVariant
 .text.main     0x000019d8       0x1e Arduino/ArduinoCore/main.o
                0x000019d8                main
 .text._ZN5Print5writeEPKhj
                0x000019f6       0x5e Arduino/ArduinoCore/Print.o
                0x000019f6                _ZN5Print5writeEPKhj
 .text._ZN5Print5printEPK19__FlashStringHelper
                0x00001a54       0x54 Arduino/ArduinoCore/Print.o
                0x00001a54                _ZN5Print5printEPK19__FlashStringHelper
 .text._ZN5Print5printEPKc
                0x00001aa8       0x2c Arduino/ArduinoCore/Print.o
                0x00001aa8                _ZN5Print5printEPKc
 .text._ZN5Print5printEc
                0x00001ad4       0x10 Arduino/ArduinoCore/Print.o
                0x00001ad4                _ZN5Print5printEc
 .text._ZN5Print7printlnEv
                0x00001ae4       0x18 Arduino/ArduinoCore/Print.o
                0x00001ae4                _ZN5Print7printlnEv
 .text._ZN5Print7printlnEPK19__FlashStringHelper
                0x00001afc       0x24 Arduino/ArduinoCore/Print.o
                0x00001afc                _ZN5Print7printlnEPK19__FlashStringHelper
 .text._ZN5Print7printlnEPKc
                0x00001b20       0x24 Arduino/ArduinoCore/Print.o
                0x00001b20                _ZN5Print7printlnEPKc
 .text._ZN5Print11printNumberEmh
                0x00001b44       0xe6 Arduino/ArduinoCore/Print.o
                0x00001b44                _ZN5Print11printNumberEmh
 .text._ZN5Print5printEli
                0x00001c2a       0x78 Arduino/ArduinoCore/Print.o
                0x00001c2a                _ZN5Print5printEli
 .text._ZN5Print5printEii
                0x00001ca2       0x10 Arduino/ArduinoCore/Print.o
                0x00001ca2                _ZN5Print5printEii
 .text._ZN5Print7printlnEii
                0x00001cb2       0x2e Arduino/ArduinoCore/Print.o
                0x00001cb2                _ZN5Print7printlnEii
 .text._ZN5Print5printEmi
                0x00001ce0       0x1e Arduino/ArduinoCore/Print.o
                0x00001ce0                _ZN5Print5printEmi
 .text._ZN5Print5printEhi
                0x00001cfe       0x10 Arduino/ArduinoCore/Print.o
                0x00001cfe                _ZN5Print5printEhi
 .text._ZN5Print7printlnEji
                0x00001d0e       0x2c Arduino/ArduinoCore/Print.o
                0x00001d0e                _ZN5Print7printlnEji
 .text._ZN5Print7printlnEhi
                0x00001d3a       0x2e Arduino/ArduinoCore/Print.o
                0x00001d3a                _ZN5Print7printlnEhi
 .text._ZN5Print10printFloatEdh
                0x00001d68      0x216 Arduino/ArduinoCore/Print.o
                0x00001d68                _ZN5Print10printFloatEdh
 .text._ZN5Print5printEdi
                0x00001f7e        0x6 Arduino/ArduinoCore/Print.o
                0x00001f7e                _ZN5Print5printEdi
 .text._ZN5Print7printlnEdi
                0x00001f84       0x24 Arduino/ArduinoCore/Print.o
                0x00001f84                _ZN5Print7printlnEdi
 .text._Z12disableTimerh
                0x00001fa8       0x40 Arduino/ArduinoCore/Tone.o
                0x00001fa8                _Z12disableTimerh
 .text._Z6noToneh
                0x00001fe8       0x2c Arduino/ArduinoCore/Tone.o
                0x00001fe8                _Z6noToneh
 .text.__vector_7
                0x00002014       0xb8 Arduino/ArduinoCore/Tone.o
                0x00002014                __vector_7
 .text.nothing  0x000020cc        0x2 Arduino/ArduinoCore/WInterrupts.o
 .text.attachInterrupt
                0x000020ce       0x46 Arduino/ArduinoCore/WInterrupts.o
                0x000020ce                attachInterrupt
 .text.__vector_1
                0x00002114       0x4e Arduino/ArduinoCore/WInterrupts.o
                0x00002114                __vector_1
 .text.__vector_2
                0x00002162       0x4e Arduino/ArduinoCore/WInterrupts.o
                0x00002162                __vector_2
 .text.__vector_16
                0x000021b0       0x94 Arduino/ArduinoCore/wiring.o
                0x000021b0                __vector_16
 .text.millis   0x00002244       0x18 Arduino/ArduinoCore/wiring.o
                0x00002244                millis
 .text.micros   0x0000225c       0x4c Arduino/ArduinoCore/wiring.o
                0x0000225c                micros
 .text.delay    0x000022a8       0x58 Arduino/ArduinoCore/wiring.o
                0x000022a8                delay
 .text.init     0x00002300       0x76 Arduino/ArduinoCore/wiring.o
                0x00002300                init
 .text.turnOffPWM
                0x00002376       0x5e Arduino/ArduinoCore/wiring_digital.o
 .text.pinMode  0x000023d4       0x7e Arduino/ArduinoCore/wiring_digital.o
                0x000023d4                pinMode
 .text.digitalWrite
                0x00002452       0x62 Arduino/ArduinoCore/wiring_digital.o
                0x00002452                digitalWrite
 .text._ZN10DCMotorBot13setEnablePinsEhh
                0x000024b4       0x20 Arduino/ExtensionLibraries/DCMotorBot-master/DCMotorBot.o
                0x000024b4                _ZN10DCMotorBot13setEnablePinsEhh
 .text._ZN10DCMotorBot14setControlPinsEhhhh
                0x000024d4       0x38 Arduino/ExtensionLibraries/DCMotorBot-master/DCMotorBot.o
                0x000024d4                _ZN10DCMotorBot14setControlPinsEhhhh
 .text._ZN10DCMotorBotC2Ev
                0x0000250c       0x36 Arduino/ExtensionLibraries/DCMotorBot-master/DCMotorBot.o
                0x0000250c                _ZN10DCMotorBotC2Ev
                0x0000250c                _ZN10DCMotorBotC1Ev
 .text._ZN10DCMotorBot11moveForwardEv
                0x00002542       0x2c Arduino/ExtensionLibraries/DCMotorBot-master/DCMotorBot.o
                0x00002542                _ZN10DCMotorBot11moveForwardEv
 .text._ZN10DCMotorBot4stopEv
                0x0000256e       0x2c Arduino/ExtensionLibraries/DCMotorBot-master/DCMotorBot.o
                0x0000256e                _ZN10DCMotorBot4stopEv
 .text._ZN6I2Cdev10writeBytesEhhhPh
                0x0000259a       0x68 Arduino/ExtensionLibraries/I2Cdev/I2Cdev.o
                0x0000259a                _ZN6I2Cdev10writeBytesEhhhPh
 .text._ZN6I2Cdev9writeByteEhhh
                0x00002602       0x20 Arduino/ExtensionLibraries/I2Cdev/I2Cdev.o
                0x00002602                _ZN6I2Cdev9writeByteEhhh
 .text._ZN6I2Cdev10writeWordsEhhhPj
                0x00002622       0x82 Arduino/ExtensionLibraries/I2Cdev/I2Cdev.o
                0x00002622                _ZN6I2Cdev10writeWordsEhhhPj
 .text._ZN6I2Cdev9writeWordEhhj
                0x000026a4       0x24 Arduino/ExtensionLibraries/I2Cdev/I2Cdev.o
                0x000026a4                _ZN6I2Cdev9writeWordEhhj
 .text._ZN6I2Cdev9readBytesEhhhPhj
                0x000026c8      0x16a Arduino/ExtensionLibraries/I2Cdev/I2Cdev.o
                0x000026c8                _ZN6I2Cdev9readBytesEhhhPhj
 .text._ZN6I2Cdev8readByteEhhPhj
                0x00002832       0x14 Arduino/ExtensionLibraries/I2Cdev/I2Cdev.o
                0x00002832                _ZN6I2Cdev8readByteEhhPhj
 .text._ZN6I2Cdev7readBitEhhhPhj
                0x00002846       0x4e Arduino/ExtensionLibraries/I2Cdev/I2Cdev.o
                0x00002846                _ZN6I2Cdev7readBitEhhhPhj
 .text._ZN6I2Cdev8readBitsEhhhhPhj
                0x00002894       0x7e Arduino/ExtensionLibraries/I2Cdev/I2Cdev.o
                0x00002894                _ZN6I2Cdev8readBitsEhhhhPhj
 .text._ZN6I2Cdev8writeBitEhhhh
                0x00002912       0x76 Arduino/ExtensionLibraries/I2Cdev/I2Cdev.o
                0x00002912                _ZN6I2Cdev8writeBitEhhhh
 .text._ZN6I2Cdev9writeBitsEhhhhh
                0x00002988       0x96 Arduino/ExtensionLibraries/I2Cdev/I2Cdev.o
                0x00002988                _ZN6I2Cdev9writeBitsEhhhhh
 .text._ZN7MPU6050C2Ev
                0x00002a1e        0x8 Arduino/ExtensionLibraries/MPU6050/MPU6050.o
                0x00002a1e                _ZN7MPU6050C2Ev
                0x00002a1e                _ZN7MPU6050C1Ev
 .text._ZN7MPU60507setRateEh
                0x00002a26        0xe Arduino/ExtensionLibraries/MPU6050/MPU6050.o
                0x00002a26                _ZN7MPU60507setRateEh
 .text._ZN7MPU605020setExternalFrameSyncEh
                0x00002a34       0x16 Arduino/ExtensionLibraries/MPU6050/MPU6050.o
                0x00002a34                _ZN7MPU605020setExternalFrameSyncEh
 .text._ZN7MPU605011setDLPFModeEh
                0x00002a4a       0x16 Arduino/ExtensionLibraries/MPU6050/MPU6050.o
                0x00002a4a                _ZN7MPU605011setDLPFModeEh
 .text._ZN7MPU605021setFullScaleGyroRangeEh
                0x00002a60       0x16 Arduino/ExtensionLibraries/MPU6050/MPU6050.o
                0x00002a60                _ZN7MPU605021setFullScaleGyroRangeEh
 .text._ZN7MPU605022setFullScaleAccelRangeEh
                0x00002a76       0x16 Arduino/ExtensionLibraries/MPU6050/MPU6050.o
                0x00002a76                _ZN7MPU605022setFullScaleAccelRangeEh
 .text._ZN7MPU605027setMotionDetectionThresholdEh
                0x00002a8c        0xe Arduino/ExtensionLibraries/MPU6050/MPU6050.o
                0x00002a8c                _ZN7MPU605027setMotionDetectionThresholdEh
 .text._ZN7MPU605026setMotionDetectionDurationEh
                0x00002a9a        0xe Arduino/ExtensionLibraries/MPU6050/MPU6050.o
                0x00002a9a                _ZN7MPU605026setMotionDetectionDurationEh
 .text._ZN7MPU605031setZeroMotionDetectionThresholdEh
                0x00002aa8        0xe Arduino/ExtensionLibraries/MPU6050/MPU6050.o
                0x00002aa8                _ZN7MPU605031setZeroMotionDetectionThresholdEh
 .text._ZN7MPU605030setZeroMotionDetectionDurationEh
                0x00002ab6        0xe Arduino/ExtensionLibraries/MPU6050/MPU6050.o
                0x00002ab6                _ZN7MPU605030setZeroMotionDetectionDurationEh
 .text._ZN7MPU605015setSlaveAddressEhh
                0x00002ac4       0x16 Arduino/ExtensionLibraries/MPU6050/MPU6050.o
                0x00002ac4                _ZN7MPU605015setSlaveAddressEhh
 .text._ZN7MPU605013setIntEnabledEh
                0x00002ada        0xe Arduino/ExtensionLibraries/MPU6050/MPU6050.o
                0x00002ada                _ZN7MPU605013setIntEnabledEh
 .text._ZN7MPU605012getIntStatusEv
                0x00002ae8       0x24 Arduino/ExtensionLibraries/MPU6050/MPU6050.o
                0x00002ae8                _ZN7MPU605012getIntStatusEv
 .text._ZN7MPU605014setFIFOEnabledEb
                0x00002b0c       0x10 Arduino/ExtensionLibraries/MPU6050/MPU6050.o
                0x00002b0c                _ZN7MPU605014setFIFOEnabledEb
 .text._ZN7MPU605023setI2CMasterModeEnabledEb
                0x00002b1c       0x10 Arduino/ExtensionLibraries/MPU6050/MPU6050.o
                0x00002b1c                _ZN7MPU605023setI2CMasterModeEnabledEb
 .text._ZN7MPU60509resetFIFOEv
                0x00002b2c       0x10 Arduino/ExtensionLibraries/MPU6050/MPU6050.o
                0x00002b2c                _ZN7MPU60509resetFIFOEv
 .text._ZN7MPU605014resetI2CMasterEv
                0x00002b3c       0x10 Arduino/ExtensionLibraries/MPU6050/MPU6050.o
                0x00002b3c                _ZN7MPU605014resetI2CMasterEv
 .text._ZN7MPU60505resetEv
                0x00002b4c       0x10 Arduino/ExtensionLibraries/MPU6050/MPU6050.o
                0x00002b4c                _ZN7MPU60505resetEv
 .text._ZN7MPU605015setSleepEnabledEb
                0x00002b5c       0x10 Arduino/ExtensionLibraries/MPU6050/MPU6050.o
                0x00002b5c                _ZN7MPU605015setSleepEnabledEb
 .text._ZN7MPU605014setClockSourceEh
                0x00002b6c       0x16 Arduino/ExtensionLibraries/MPU6050/MPU6050.o
                0x00002b6c                _ZN7MPU605014setClockSourceEh
 .text._ZN7MPU605010initializeEv
                0x00002b82       0x2a Arduino/ExtensionLibraries/MPU6050/MPU6050.o
                0x00002b82                _ZN7MPU605010initializeEv
 .text._ZN7MPU605012getFIFOCountEv
                0x00002bac       0x3c Arduino/ExtensionLibraries/MPU6050/MPU6050.o
                0x00002bac                _ZN7MPU605012getFIFOCountEv
 .text._ZN7MPU605012getFIFOBytesEPhh
                0x00002be8       0x28 Arduino/ExtensionLibraries/MPU6050/MPU6050.o
                0x00002be8                _ZN7MPU605012getFIFOBytesEPhh
 .text._ZN7MPU605011getDeviceIDEv
                0x00002c10       0x38 Arduino/ExtensionLibraries/MPU6050/MPU6050.o
                0x00002c10                _ZN7MPU605011getDeviceIDEv
 .text._ZN7MPU605014testConnectionEv
                0x00002c48       0x10 Arduino/ExtensionLibraries/MPU6050/MPU6050.o
                0x00002c48                _ZN7MPU605014testConnectionEv
 .text._ZN7MPU605015getOTPBankValidEv
                0x00002c58       0x2e Arduino/ExtensionLibraries/MPU6050/MPU6050.o
                0x00002c58                _ZN7MPU605015getOTPBankValidEv
 .text._ZN7MPU605015setOTPBankValidEb
                0x00002c86       0x10 Arduino/ExtensionLibraries/MPU6050/MPU6050.o
                0x00002c86                _ZN7MPU605015setOTPBankValidEb
 .text._ZN7MPU605016getXGyroOffsetTCEv
                0x00002c96       0x38 Arduino/ExtensionLibraries/MPU6050/MPU6050.o
                0x00002c96                _ZN7MPU605016getXGyroOffsetTCEv
 .text._ZN7MPU605016setXGyroOffsetTCEa
                0x00002cce       0x16 Arduino/ExtensionLibraries/MPU6050/MPU6050.o
                0x00002cce                _ZN7MPU605016setXGyroOffsetTCEa
 .text._ZN7MPU605016getYGyroOffsetTCEv
                0x00002ce4       0x38 Arduino/ExtensionLibraries/MPU6050/MPU6050.o
                0x00002ce4                _ZN7MPU605016getYGyroOffsetTCEv
 .text._ZN7MPU605016setYGyroOffsetTCEa
                0x00002d1c       0x16 Arduino/ExtensionLibraries/MPU6050/MPU6050.o
                0x00002d1c                _ZN7MPU605016setYGyroOffsetTCEa
 .text._ZN7MPU605016getZGyroOffsetTCEv
                0x00002d32       0x38 Arduino/ExtensionLibraries/MPU6050/MPU6050.o
                0x00002d32                _ZN7MPU605016getZGyroOffsetTCEv
 .text._ZN7MPU605016setZGyroOffsetTCEa
                0x00002d6a       0x16 Arduino/ExtensionLibraries/MPU6050/MPU6050.o
                0x00002d6a                _ZN7MPU605016setZGyroOffsetTCEa
 .text._ZN7MPU605015setZAccelOffsetEi
                0x00002d80        0xe Arduino/ExtensionLibraries/MPU6050/MPU6050.o
                0x00002d80                _ZN7MPU605015setZAccelOffsetEi
 .text._ZN7MPU605014setXGyroOffsetEi
                0x00002d8e        0xe Arduino/ExtensionLibraries/MPU6050/MPU6050.o
                0x00002d8e                _ZN7MPU605014setXGyroOffsetEi
 .text._ZN7MPU605014setYGyroOffsetEi
                0x00002d9c        0xe Arduino/ExtensionLibraries/MPU6050/MPU6050.o
                0x00002d9c                _ZN7MPU605014setYGyroOffsetEi
 .text._ZN7MPU605014setZGyroOffsetEi
                0x00002daa        0xe Arduino/ExtensionLibraries/MPU6050/MPU6050.o
                0x00002daa                _ZN7MPU605014setZGyroOffsetEi
 .text._ZN7MPU605013setDMPEnabledEb
                0x00002db8       0x10 Arduino/ExtensionLibraries/MPU6050/MPU6050.o
                0x00002db8                _ZN7MPU605013setDMPEnabledEb
 .text._ZN7MPU60508resetDMPEv
                0x00002dc8       0x10 Arduino/ExtensionLibraries/MPU6050/MPU6050.o
                0x00002dc8                _ZN7MPU60508resetDMPEv
 .text._ZN7MPU605013setMemoryBankEhbb
                0x00002dd8       0x18 Arduino/ExtensionLibraries/MPU6050/MPU6050.o
                0x00002dd8                _ZN7MPU605013setMemoryBankEhbb
 .text._ZN7MPU605021setMemoryStartAddressEh
                0x00002df0        0xe Arduino/ExtensionLibraries/MPU6050/MPU6050.o
                0x00002df0                _ZN7MPU605021setMemoryStartAddressEh
 .text._ZN7MPU605014readMemoryByteEv
                0x00002dfe       0x24 Arduino/ExtensionLibraries/MPU6050/MPU6050.o
                0x00002dfe                _ZN7MPU605014readMemoryByteEv
 .text._ZN7MPU605015readMemoryBlockEPhjhh
                0x00002e22       0xda Arduino/ExtensionLibraries/MPU6050/MPU6050.o
                0x00002e22                _ZN7MPU605015readMemoryBlockEPhjhh
 .text._ZN7MPU605016writeMemoryBlockEPKhjhhbb
                0x00002efc      0x1da Arduino/ExtensionLibraries/MPU6050/MPU6050.o
                0x00002efc                _ZN7MPU605016writeMemoryBlockEPKhjhhbb
 .text._ZN7MPU605020writeProgMemoryBlockEPKhjhhb
                0x000030d6       0x16 Arduino/ExtensionLibraries/MPU6050/MPU6050.o
                0x000030d6                _ZN7MPU605020writeProgMemoryBlockEPKhjhhb
 .text._ZN7MPU605024writeDMPConfigurationSetEPKhjb
                0x000030ec      0x172 Arduino/ExtensionLibraries/MPU6050/MPU6050.o
                0x000030ec                _ZN7MPU605024writeDMPConfigurationSetEPKhjb
 .text._ZN7MPU605028writeProgDMPConfigurationSetEPKhj
                0x0000325e        0x8 Arduino/ExtensionLibraries/MPU6050/MPU6050.o
                0x0000325e                _ZN7MPU605028writeProgDMPConfigurationSetEPKhj
 .text._ZN7MPU605013setDMPConfig1Eh
                0x00003266        0xe Arduino/ExtensionLibraries/MPU6050/MPU6050.o
                0x00003266                _ZN7MPU605013setDMPConfig1Eh
 .text._ZN7MPU605013setDMPConfig2Eh
                0x00003274        0xe Arduino/ExtensionLibraries/MPU6050/MPU6050.o
                0x00003274                _ZN7MPU605013setDMPConfig2Eh
 .text.__vector_3
                0x00003282      0x15c Arduino/StandardLibraries/SoftwareSerial/SoftwareSerial.o
                0x00003282                __vector_5
                0x00003282                __vector_4
                0x00003282                __vector_3
 .text.twi_init
                0x000033de       0x3c Arduino/StandardLibraries/Wire/utility/twi.o
                0x000033de                twi_init
 .text.twi_readFrom
                0x0000341a       0xa4 Arduino/StandardLibraries/Wire/utility/twi.o
                0x0000341a                twi_readFrom
 .text.twi_writeTo
                0x000034be       0xc6 Arduino/StandardLibraries/Wire/utility/twi.o
                0x000034be                twi_writeTo
 .text.twi_transmit
                0x00003584       0x42 Arduino/StandardLibraries/Wire/utility/twi.o
                0x00003584                twi_transmit
 .text.twi_stop
                0x000035c6       0x16 Arduino/StandardLibraries/Wire/utility/twi.o
                0x000035c6                twi_stop
 .text.twi_releaseBus
                0x000035dc        0xc Arduino/StandardLibraries/Wire/utility/twi.o
                0x000035dc                twi_releaseBus
 .text.__vector_24
                0x000035e8      0x242 Arduino/StandardLibraries/Wire/utility/twi.o
                0x000035e8                __vector_24
 .text._ZN7TwoWire9availableEv
                0x0000382a       0x10 Arduino/StandardLibraries/Wire/Wire.o
                0x0000382a                _ZN7TwoWire9availableEv
 .text._ZN7TwoWire4readEv
                0x0000383a       0x28 Arduino/StandardLibraries/Wire/Wire.o
                0x0000383a                _ZN7TwoWire4readEv
 .text._ZN7TwoWire4peekEv
                0x00003862       0x1e Arduino/StandardLibraries/Wire/Wire.o
                0x00003862                _ZN7TwoWire4peekEv
 .text._ZN7TwoWire5flushEv
                0x00003880        0x2 Arduino/StandardLibraries/Wire/Wire.o
                0x00003880                _ZN7TwoWire5flushEv
 .text._ZN7TwoWire5writeEPKhj
                0x00003882       0x60 Arduino/StandardLibraries/Wire/Wire.o
                0x00003882                _ZN7TwoWire5writeEPKhj
 .text._ZN7TwoWire5writeEh
                0x000038e2       0x62 Arduino/StandardLibraries/Wire/Wire.o
                0x000038e2                _ZN7TwoWire5writeEh
 .text._ZN7TwoWireC2Ev
                0x00003944       0x20 Arduino/StandardLibraries/Wire/Wire.o
                0x00003944                _ZN7TwoWireC1Ev
                0x00003944                _ZN7TwoWireC2Ev
 .text._ZN7TwoWire5beginEv
                0x00003964       0x16 Arduino/StandardLibraries/Wire/Wire.o
                0x00003964                _ZN7TwoWire5beginEv
 .text._ZN7TwoWire17beginTransmissionEh
                0x0000397a       0x14 Arduino/StandardLibraries/Wire/Wire.o
                0x0000397a                _ZN7TwoWire17beginTransmissionEh
 .text._ZN7TwoWire15endTransmissionEh
                0x0000398e       0x26 Arduino/StandardLibraries/Wire/Wire.o
                0x0000398e                _ZN7TwoWire15endTransmissionEh
 .text._ZN7TwoWire11requestFromEhhmhh
                0x000039b4       0xb2 Arduino/StandardLibraries/Wire/Wire.o
                0x000039b4                _ZN7TwoWire11requestFromEhhmhh
 .text._ZN7TwoWire11requestFromEhhh
                0x00003a66       0x20 Arduino/StandardLibraries/Wire/Wire.o
                0x00003a66                _ZN7TwoWire11requestFromEhhh
 .text._ZN7TwoWire11requestFromEhh
                0x00003a86        0x8 Arduino/StandardLibraries/Wire/Wire.o
                0x00003a86                _ZN7TwoWire11requestFromEhh
 .text._ZN7TwoWire15endTransmissionEv
                0x00003a8e        0x8 Arduino/StandardLibraries/Wire/Wire.o
                0x00003a8e                _ZN7TwoWire15endTransmissionEv
 .text._GLOBAL__sub_I__ZN7TwoWire8rxBufferE
                0x00003a96        0xa Arduino/StandardLibraries/Wire/Wire.o
 .text._Z12dmpDataReadyv
                0x00003aa0        0x8 Sketch.o
                0x00003aa0                _Z12dmpDataReadyv
 .text._ZN7MPU605013dmpInitializeEv
                0x00003aa8      0x908 Sketch.o
                0x00003aa8                _ZN7MPU605013dmpInitializeEv
 .text._ZN7MPU605016dmpGetQuaternionEPiPKh
                0x000043b0       0x68 Sketch.o
                0x000043b0                _ZN7MPU605016dmpGetQuaternionEPiPKh
 .text._ZN7MPU605016dmpGetQuaternionEP10QuaternionPKh
                0x00004418       0xde Sketch.o
                0x00004418                _ZN7MPU605016dmpGetQuaternionEP10QuaternionPKh
 .text._ZN7MPU605013dmpGetGravityEP11VectorFloatP10Quaternion
                0x000044f6      0x184 Sketch.o
                0x000044f6                _ZN7MPU605013dmpGetGravityEP11VectorFloatP10Quaternion
 .text._ZN7MPU605018dmpGetYawPitchRollEPfP10QuaternionP11VectorFloat
                0x0000467a      0x1ec Sketch.o
                0x0000467a                _ZN7MPU605018dmpGetYawPitchRollEPfP10QuaternionP11VectorFloat
 .text.loop     0x00004866      0x208 Sketch.o
                0x00004866                loop
 .text._GLOBAL__sub_I__ZN7MPU605013dmpInitializeEv
                0x00004a6e       0x8a Sketch.o
 .text.setup    0x00004af8      0x19c Sketch.o
                0x00004af8                setup
 .text.avr-libc.fplib
                0x00004c94        0xe c:/program files (x86)/atmel/studio/7.0/toolchain/avr8/avr8-gnu-toolchain/bin/../lib/gcc/avr/4.9.2/../../../../avr/lib/avr5\libm.a(addsf3.o)
                0x00004c94                __subsf3
                0x00004c96                __addsf3
 .text.avr-libc.fplib
                0x00004ca2       0xcc c:/program files (x86)/atmel/studio/7.0/toolchain/avr8/avr8-gnu-toolchain/bin/../lib/gcc/avr/4.9.2/../../../../avr/lib/avr5\libm.a(addsf3x.o)
                0x00004cc4                __addsf3x
 .text.avr-libc.fplib
                0x00004d6e       0x86 c:/program files (x86)/atmel/studio/7.0/toolchain/avr8/avr8-gnu-toolchain/bin/../lib/gcc/avr/4.9.2/../../../../avr/lib/avr5\libm.a(atan2.o)
                0x00004d94                atan2
 .text.avr-libc.fplib
                0x00004df4       0x5e c:/program files (x86)/atmel/studio/7.0/toolchain/avr8/avr8-gnu-toolchain/bin/../lib/gcc/avr/4.9.2/../../../../avr/lib/avr5\libm.a(atan.o)
                0x00004df4                atan
 .text.avr-libc.fplib
                0x00004e52        0xa c:/program files (x86)/atmel/studio/7.0/toolchain/avr8/avr8-gnu-toolchain/bin/../lib/gcc/avr/4.9.2/../../../../avr/lib/avr5\libm.a(cmpsf2.o)
                0x00004e52                __nesf2
                0x00004e52                __eqsf2
                0x00004e52                __cmpsf2
                0x00004e52                __ltsf2
                0x00004e52                __lesf2
 .text.avr-libc.fplib
                0x00004e5c        0x8 c:/program files (x86)/atmel/studio/7.0/toolchain/avr8/avr8-gnu-toolchain/bin/../lib/gcc/avr/4.9.2/../../../../avr/lib/avr5\libm.a(divsf3.o)
                0x00004e5c                __divsf3
 .text.avr-libc.fplib
                0x00004e64       0xdc c:/program files (x86)/atmel/studio/7.0/toolchain/avr8/avr8-gnu-toolchain/bin/../lib/gcc/avr/4.9.2/../../../../avr/lib/avr5\libm.a(divsf3x.o)
                0x00004e84                __divsf3x
                0x00004e8a                __divsf3_pse
 .text.avr-libc.fplib
                0x00004f40        0xe c:/program files (x86)/atmel/studio/7.0/toolchain/avr8/avr8-gnu-toolchain/bin/../lib/gcc/avr/4.9.2/../../../../avr/lib/avr5\libm.a(fixsfsi.o)
                0x00004f40                __fixsfsi
 .text.avr-libc.fplib
                0x00004f4e       0x5e c:/program files (x86)/atmel/studio/7.0/toolchain/avr8/avr8-gnu-toolchain/bin/../lib/gcc/avr/4.9.2/../../../../avr/lib/avr5\libm.a(fixunssfsi.o)
                0x00004f4e                __fixunssfsi
 .text.avr-libc.fplib
                0x00004fac       0x7a c:/program files (x86)/atmel/studio/7.0/toolchain/avr8/avr8-gnu-toolchain/bin/../lib/gcc/avr/4.9.2/../../../../avr/lib/avr5\libm.a(floatsisf.o)
                0x00004fac                __floatunsisf
                0x00004fb0                __floatsisf
 .text.avr-libc.fplib
                0x00005026       0x48 c:/program files (x86)/atmel/studio/7.0/toolchain/avr8/avr8-gnu-toolchain/bin/../lib/gcc/avr/4.9.2/../../../../avr/lib/avr5\libm.a(fp_cmp.o)
                0x00005026                __fp_cmp
 .text.avr-libc.fplib
                0x0000506e        0xc c:/program files (x86)/atmel/studio/7.0/toolchain/avr8/avr8-gnu-toolchain/bin/../lib/gcc/avr/4.9.2/../../../../avr/lib/avr5\libm.a(fp_inf.o)
                0x0000506e                __fp_inf
 .text.avr-libc.fplib
                0x0000507a        0x6 c:/program files (x86)/atmel/studio/7.0/toolchain/avr8/avr8-gnu-toolchain/bin/../lib/gcc/avr/4.9.2/../../../../avr/lib/avr5\libm.a(fp_nan.o)
                0x0000507a                __fp_nan
 .text.avr-libc.fplib
                0x00005080       0x4e c:/program files (x86)/atmel/studio/7.0/toolchain/avr8/avr8-gnu-toolchain/bin/../lib/gcc/avr/4.9.2/../../../../avr/lib/avr5\libm.a(fp_powser.o)
                0x00005080                __fp_powser
 .text.avr-libc.fplib
                0x000050ce        0xe c:/program files (x86)/atmel/studio/7.0/toolchain/avr8/avr8-gnu-toolchain/bin/../lib/gcc/avr/4.9.2/../../../../avr/lib/avr5\libm.a(fp_pscA.o)
                0x000050ce                __fp_pscA
 .text.avr-libc.fplib
                0x000050dc        0xe c:/program files (x86)/atmel/studio/7.0/toolchain/avr8/avr8-gnu-toolchain/bin/../lib/gcc/avr/4.9.2/../../../../avr/lib/avr5\libm.a(fp_pscB.o)
                0x000050dc                __fp_pscB
 .text.avr-libc.fplib
                0x000050ea       0x22 c:/program files (x86)/atmel/studio/7.0/toolchain/avr8/avr8-gnu-toolchain/bin/../lib/gcc/avr/4.9.2/../../../../avr/lib/avr5\libm.a(fp_round.o)
                0x000050ea                __fp_round
 .text.avr-libc.fplib
                0x0000510c       0x44 c:/program files (x86)/atmel/studio/7.0/toolchain/avr8/avr8-gnu-toolchain/bin/../lib/gcc/avr/4.9.2/../../../../avr/lib/avr5\libm.a(fp_split3.o)
                0x0000510c                __fp_split3
                0x0000511c                __fp_splitA
 .text.avr-libc.fplib
                0x00005150        0xe c:/program files (x86)/atmel/studio/7.0/toolchain/avr8/avr8-gnu-toolchain/bin/../lib/gcc/avr/4.9.2/../../../../avr/lib/avr5\libm.a(fp_zero.o)
                0x00005150                __fp_zero
                0x00005152                __fp_szero
 .text.avr-libc.fplib
                0x0000515e        0xa c:/program files (x86)/atmel/studio/7.0/toolchain/avr8/avr8-gnu-toolchain/bin/../lib/gcc/avr/4.9.2/../../../../avr/lib/avr5\libm.a(gesf2.o)
                0x0000515e                __gesf2
                0x0000515e                __gtsf2
 .text.avr-libc.fplib
                0x00005168       0x10 c:/program files (x86)/atmel/studio/7.0/toolchain/avr8/avr8-gnu-toolchain/bin/../lib/gcc/avr/4.9.2/../../../../avr/lib/avr5\libm.a(inverse.o)
                0x00005168                inverse
 .text.avr-libc.fplib
                0x00005178        0x8 c:/program files (x86)/atmel/studio/7.0/toolchain/avr8/avr8-gnu-toolchain/bin/../lib/gcc/avr/4.9.2/../../../../avr/lib/avr5\libm.a(mulsf3.o)
                0x00005178                __mulsf3
 .text.avr-libc.fplib
                0x00005180       0xd2 c:/program files (x86)/atmel/studio/7.0/toolchain/avr8/avr8-gnu-toolchain/bin/../lib/gcc/avr/4.9.2/../../../../avr/lib/avr5\libm.a(mulsf3x.o)
                0x0000519e                __mulsf3x
                0x000051a4                __mulsf3_pse
 .text.avr-libc.fplib
                0x00005252       0x8c c:/program files (x86)/atmel/studio/7.0/toolchain/avr8/avr8-gnu-toolchain/bin/../lib/gcc/avr/4.9.2/../../../../avr/lib/avr5\libm.a(sqrt.o)
                0x0000525e                sqrtf
                0x0000525e                sqrt
 .text.avr-libc.fplib
                0x000052de        0x8 c:/program files (x86)/atmel/studio/7.0/toolchain/avr8/avr8-gnu-toolchain/bin/../lib/gcc/avr/4.9.2/../../../../avr/lib/avr5\libm.a(square.o)
                0x000052de                square
 .text.avr-libc.fplib
                0x000052e6        0xa c:/program files (x86)/atmel/studio/7.0/toolchain/avr8/avr8-gnu-toolchain/bin/../lib/gcc/avr/4.9.2/../../../../avr/lib/avr5\libm.a(unordsf2.o)
                0x000052e6                __unordsf2
 .text.avr-libc.fplib
                0x000052f0       0x1c c:/program files (x86)/atmel/studio/7.0/toolchain/avr8/avr8-gnu-toolchain/bin/../lib/gcc/avr/4.9.2/../../../../avr/lib/avr5\libm.a(fp_mpack.o)
                0x000052f0                __fp_mpack
                0x000052f4                __fp_mpack_finite
 .text.avr-libc.fplib
                0x0000530c        0xe c:/program files (x86)/atmel/studio/7.0/toolchain/avr8/avr8-gnu-toolchain/bin/../lib/gcc/avr/4.9.2/../../../../avr/lib/avr5\libm.a(fp_norm2.o)
                0x0000530c                __fp_norm2
 .text.libgcc.div
                0x0000531a       0x44 c:/program files (x86)/atmel/studio/7.0/toolchain/avr8/avr8-gnu-toolchain/bin/../lib/gcc/avr/4.9.2/avr5\libgcc.a(_udivmodsi4.o)
                0x0000531a                __udivmodsi4
 .text.libgcc   0x0000535e        0xc c:/program files (x86)/atmel/studio/7.0/toolchain/avr8/avr8-gnu-toolchain/bin/../lib/gcc/avr/4.9.2/avr5\libgcc.a(_tablejump2.o)
                0x0000535e                __tablejump2__
 .text.avr-libc
                0x0000536a      0x25a c:/program files (x86)/atmel/studio/7.0/toolchain/avr8/avr8-gnu-toolchain/bin/../lib/gcc/avr/4.9.2/../../../../avr/lib/avr5\libc.a(malloc.o)
                0x0000536a                malloc
                0x00005494                free
 .text.avr-libc
                0x000055c4      0x194 c:/program files (x86)/atmel/studio/7.0/toolchain/avr8/avr8-gnu-toolchain/bin/../lib/gcc/avr/4.9.2/../../../../avr/lib/avr5\libc.a(realloc.o)
                0x000055c4                realloc
 .text.avr-libc
                0x00005758       0x1a c:/program files (x86)/atmel/studio/7.0/toolchain/avr8/avr8-gnu-toolchain/bin/../lib/gcc/avr/4.9.2/../../../../avr/lib/avr5\libc.a(memcmp.o)
                0x00005758                memcmp
 .text.avr-libc
                0x00005772       0x12 c:/program files (x86)/atmel/studio/7.0/toolchain/avr8/avr8-gnu-toolchain/bin/../lib/gcc/avr/4.9.2/../../../../avr/lib/avr5\libc.a(memcpy.o)
                0x00005772                memcpy
 .text.libgcc.prologue
                0x00005784       0x38 c:/program files (x86)/atmel/studio/7.0/toolchain/avr8/avr8-gnu-toolchain/bin/../lib/gcc/avr/4.9.2/avr5\libgcc.a(_prologue.o)
                0x00005784                __prologue_saves__
 .text.libgcc.prologue
                0x000057bc       0x36 c:/program files (x86)/atmel/studio/7.0/toolchain/avr8/avr8-gnu-toolchain/bin/../lib/gcc/avr/4.9.2/avr5\libgcc.a(_epilogue.o)
                0x000057bc                __epilogue_restores__
                0x000057f2                . = ALIGN (0x2)
 *(.fini9)
 .fini9         0x000057f2        0x0 c:/program files (x86)/atmel/studio/7.0/toolchain/avr8/avr8-gnu-toolchain/bin/../lib/gcc/avr/4.9.2/avr5\libgcc.a(_exit.o)
                0x000057f2                _exit
                0x000057f2                exit
 *(.fini9)
 *(.fini8)
 *(.fini8)
 *(.fini7)
 *(.fini7)
 *(.fini6)
 *(.fini6)
 *(.fini5)
 *(.fini5)
 *(.fini4)
 *(.fini4)
 *(.fini3)
 *(.fini3)
 *(.fini2)
 *(.fini2)
 *(.fini1)
 *(.fini1)
 *(.fini0)
 .fini0         0x000057f2        0x4 c:/program files (x86)/atmel/studio/7.0/toolchain/avr8/avr8-gnu-toolchain/bin/../lib/gcc/avr/4.9.2/avr5\libgcc.a(_exit.o)
 *(.fini0)
                0x000057f6                _etext = .

.data           0x00800100       0x70 load address 0x000057f6
                0x00800100                PROVIDE (__data_start, .)
 *(.data)
 .data          0x00800100        0x6 c:/program files (x86)/atmel/studio/7.0/toolchain/avr8/avr8-gnu-toolchain/bin/../lib/gcc/avr/4.9.2/../../../../avr/lib/avr5\libc.a(malloc.o)
                0x00800100                __malloc_heap_end
                0x00800102                __malloc_heap_start
                0x00800104                __malloc_margin
 *(.data*)
 .data._ZL9tone_pins
                0x00800106        0x1 Arduino/ArduinoCore/Tone.o
 .data.intFunc  0x00800107        0x4 Arduino/ArduinoCore/WInterrupts.o
 .data._ZN6I2Cdev11readTimeoutE
                0x0080010b        0x2 Arduino/ExtensionLibraries/I2Cdev/I2Cdev.o
                0x0080010b                _ZN6I2Cdev11readTimeoutE
 *(.rodata)
 *(.rodata*)
 .rodata._ZTV14HardwareSerial
                0x0080010d       0x10 Arduino/ArduinoCore/HardwareSerial.o
                0x0080010d                _ZTV14HardwareSerial
 .rodata._ZTV9IPAddress
                0x0080011d        0x6 Arduino/ArduinoCore/IPAddress.o
                0x0080011d                _ZTV9IPAddress
 .rodata.str1.1
                0x00800123       0x11 Arduino/ArduinoCore/Print.o
 .rodata._ZTV7TwoWire
                0x00800134       0x10 Arduino/StandardLibraries/Wire/Wire.o
                0x00800134                _ZTV7TwoWire
 .rodata.str1.1
                0x00800144       0x2c Sketch.o
                                 0x2e (size before relaxing)
 *(.gnu.linkonce.d*)
                0x00800170                . = ALIGN (0x2)
                0x00800170                _edata = .
                0x00800170                PROVIDE (__data_end, .)

.bss            0x00800170      0x25b
                0x00800170                PROVIDE (__bss_start, .)
 *(.bss)
 *(.bss*)
 .bss.Serial    0x00800170       0x9d Arduino/ArduinoCore/HardwareSerial0.o
                0x00800170                Serial
 .bss._ZL11INADDR_NONE
                0x0080020d        0x6 Arduino/ArduinoCore/IPAddress.o
 .bss.timer2_pin_mask
                0x00800213        0x1 Arduino/ArduinoCore/Tone.o
                0x00800213                timer2_pin_mask
 .bss.timer2_pin_port
                0x00800214        0x2 Arduino/ArduinoCore/Tone.o
                0x00800214                timer2_pin_port
 .bss.timer2_toggle_count
                0x00800216        0x4 Arduino/ArduinoCore/Tone.o
                0x00800216                timer2_toggle_count
 .bss.timer0_fract
                0x0080021a        0x1 Arduino/ArduinoCore/wiring.o
 .bss.timer0_millis
                0x0080021b        0x4 Arduino/ArduinoCore/wiring.o
                0x0080021b                timer0_millis
 .bss.timer0_overflow_count
                0x0080021f        0x4 Arduino/ArduinoCore/wiring.o
                0x0080021f                timer0_overflow_count
 .bss._ZN14SoftwareSerial20_receive_buffer_headE
                0x00800223        0x1 Arduino/StandardLibraries/SoftwareSerial/SoftwareSerial.o
                0x00800223                _ZN14SoftwareSerial20_receive_buffer_headE
 .bss._ZN14SoftwareSerial20_receive_buffer_tailE
                0x00800224        0x1 Arduino/StandardLibraries/SoftwareSerial/SoftwareSerial.o
                0x00800224                _ZN14SoftwareSerial20_receive_buffer_tailE
 .bss._ZN14SoftwareSerial15_receive_bufferE
                0x00800225       0x40 Arduino/StandardLibraries/SoftwareSerial/SoftwareSerial.o
                0x00800225                _ZN14SoftwareSerial15_receive_bufferE
 .bss._ZN14SoftwareSerial13active_objectE
                0x00800265        0x2 Arduino/StandardLibraries/SoftwareSerial/SoftwareSerial.o
                0x00800265                _ZN14SoftwareSerial13active_objectE
 .bss.twi_error
                0x00800267        0x1 Arduino/StandardLibraries/Wire/utility/twi.o
 .bss.twi_rxBufferIndex
                0x00800268        0x1 Arduino/StandardLibraries/Wire/utility/twi.o
 .bss.twi_rxBuffer
                0x00800269       0x20 Arduino/StandardLibraries/Wire/utility/twi.o
 .bss.twi_txBufferLength
                0x00800289        0x1 Arduino/StandardLibraries/Wire/utility/twi.o
 .bss.twi_txBufferIndex
                0x0080028a        0x1 Arduino/StandardLibraries/Wire/utility/twi.o
 .bss.twi_txBuffer
                0x0080028b       0x20 Arduino/StandardLibraries/Wire/utility/twi.o
 .bss.twi_masterBufferLength
                0x008002ab        0x1 Arduino/StandardLibraries/Wire/utility/twi.o
 .bss.twi_masterBufferIndex
                0x008002ac        0x1 Arduino/StandardLibraries/Wire/utility/twi.o
 .bss.twi_masterBuffer
                0x008002ad       0x20 Arduino/StandardLibraries/Wire/utility/twi.o
 .bss.twi_onSlaveReceive
                0x008002cd        0x2 Arduino/StandardLibraries/Wire/utility/twi.o
 .bss.twi_onSlaveTransmit
                0x008002cf        0x2 Arduino/StandardLibraries/Wire/utility/twi.o
 .bss.twi_inRepStart
                0x008002d1        0x1 Arduino/StandardLibraries/Wire/utility/twi.o
 .bss.twi_sendStop
                0x008002d2        0x1 Arduino/StandardLibraries/Wire/utility/twi.o
 .bss.twi_slarw
                0x008002d3        0x1 Arduino/StandardLibraries/Wire/utility/twi.o
 .bss.twi_state
                0x008002d4        0x1 Arduino/StandardLibraries/Wire/utility/twi.o
 .bss.Wire      0x008002d5        0xc Arduino/StandardLibraries/Wire/Wire.o
                0x008002d5                Wire
 .bss._ZN7TwoWire12transmittingE
                0x008002e1        0x1 Arduino/StandardLibraries/Wire/Wire.o
                0x008002e1                _ZN7TwoWire12transmittingE
 .bss._ZN7TwoWire14txBufferLengthE
                0x008002e2        0x1 Arduino/StandardLibraries/Wire/Wire.o
                0x008002e2                _ZN7TwoWire14txBufferLengthE
 .bss._ZN7TwoWire13txBufferIndexE
                0x008002e3        0x1 Arduino/StandardLibraries/Wire/Wire.o
                0x008002e3                _ZN7TwoWire13txBufferIndexE
 .bss._ZN7TwoWire8txBufferE
                0x008002e4       0x20 Arduino/StandardLibraries/Wire/Wire.o
                0x008002e4                _ZN7TwoWire8txBufferE
 .bss._ZN7TwoWire9txAddressE
                0x00800304        0x1 Arduino/StandardLibraries/Wire/Wire.o
                0x00800304                _ZN7TwoWire9txAddressE
 .bss._ZN7TwoWire14rxBufferLengthE
                0x00800305        0x1 Arduino/StandardLibraries/Wire/Wire.o
                0x00800305                _ZN7TwoWire14rxBufferLengthE
 .bss._ZN7TwoWire13rxBufferIndexE
                0x00800306        0x1 Arduino/StandardLibraries/Wire/Wire.o
                0x00800306                _ZN7TwoWire13rxBufferIndexE
 .bss._ZN7TwoWire8rxBufferE
                0x00800307       0x20 Arduino/StandardLibraries/Wire/Wire.o
                0x00800307                _ZN7TwoWire8rxBufferE
 .bss.mpuInterrupt
                0x00800327        0x1 Sketch.o
                0x00800327                mpuInterrupt
 .bss.ypr       0x00800328        0xc Sketch.o
                0x00800328                ypr
 .bss.gravity   0x00800334        0xc Sketch.o
                0x00800334                gravity
 .bss.aaWorld   0x00800340        0x6 Sketch.o
                0x00800340                aaWorld
 .bss.aaReal    0x00800346        0x6 Sketch.o
                0x00800346                aaReal
 .bss.aa        0x0080034c        0x6 Sketch.o
                0x0080034c                aa
 .bss.q         0x00800352       0x10 Sketch.o
                0x00800352                q
 .bss.fifoBuffer
                0x00800362       0x40 Sketch.o
                0x00800362                fifoBuffer
 .bss.fifoCount
                0x008003a2        0x2 Sketch.o
                0x008003a2                fifoCount
 .bss.packetSize
                0x008003a4        0x2 Sketch.o
                0x008003a4                packetSize
 .bss.devStatus
                0x008003a6        0x1 Sketch.o
                0x008003a6                devStatus
 .bss.mpuIntStatus
                0x008003a7        0x1 Sketch.o
                0x008003a7                mpuIntStatus
 .bss.dmpReady  0x008003a8        0x1 Sketch.o
                0x008003a8                dmpReady
 .bss.blinkState
                0x008003a9        0x1 Sketch.o
                0x008003a9                blinkState
 .bss.bot       0x008003aa        0xa Sketch.o
                0x008003aa                bot
 .bss.mpu       0x008003b4       0x13 Sketch.o
                0x008003b4                mpu
 *(COMMON)
 COMMON         0x008003c7        0x4 c:/program files (x86)/atmel/studio/7.0/toolchain/avr8/avr8-gnu-toolchain/bin/../lib/gcc/avr/4.9.2/../../../../avr/lib/avr5\libc.a(malloc.o)
                0x008003c7                __brkval
                0x008003c9                __flp
                0x008003cb                PROVIDE (__bss_end, .)
                0x000057f6                __data_load_start = LOADADDR (.data)
                0x00005866                __data_load_end = (__data_load_start + SIZEOF (.data))

.noinit         0x008003cb        0x0
                0x008003cb                PROVIDE (__noinit_start, .)
 *(.noinit*)
                0x008003cb                PROVIDE (__noinit_end, .)
                0x008003cb                _end = .
                0x008003cb                PROVIDE (__heap_start, .)

.eeprom         0x00810000        0x0
 *(.eeprom*)
                0x00810000                __eeprom_end = .

.fuse
 *(.fuse)
 *(.lfuse)
 *(.hfuse)
 *(.efuse)

.lock
 *(.lock*)

.signature
 *(.signature*)

.user_signatures
 *(.user_signatures*)

.stab
 *(.stab)

.stabstr
 *(.stabstr)

.stab.excl
 *(.stab.excl)

.stab.exclstr
 *(.stab.exclstr)

.stab.index
 *(.stab.index)

.stab.indexstr
 *(.stab.indexstr)

.comment        0x00000000       0x30
 *(.comment)
 .comment       0x00000000       0x30 Arduino/ArduinoCore/HardwareSerial.o
                                 0x31 (size before relaxing)
 .comment       0x00000030       0x31 Arduino/ArduinoCore/HardwareSerial0.o
 .comment       0x00000030       0x31 Arduino/ArduinoCore/hooks.o
 .comment       0x00000030       0x31 Arduino/ArduinoCore/IPAddress.o
 .comment       0x00000030       0x31 Arduino/ArduinoCore/main.o
 .comment       0x00000030       0x31 Arduino/ArduinoCore/Print.o
 .comment       0x00000030       0x31 Arduino/ArduinoCore/Tone.o
 .comment       0x00000030       0x31 Arduino/ArduinoCore/WInterrupts.o
 .comment       0x00000030       0x31 Arduino/ArduinoCore/wiring.o
 .comment       0x00000030       0x31 Arduino/ArduinoCore/wiring_digital.o
 .comment       0x00000030       0x31 Arduino/ExtensionLibraries/DCMotorBot-master/DCMotorBot.o
 .comment       0x00000030       0x31 Arduino/ExtensionLibraries/I2Cdev/I2Cdev.o
 .comment       0x00000030       0x31 Arduino/ExtensionLibraries/MPU6050/MPU6050.o
 .comment       0x00000030       0x31 Arduino/StandardLibraries/SoftwareSerial/SoftwareSerial.o
 .comment       0x00000030       0x31 Arduino/StandardLibraries/Wire/utility/twi.o
 .comment       0x00000030       0x31 Arduino/StandardLibraries/Wire/Wire.o
 .comment       0x00000030       0x31 Sketch.o
 .comment       0x00000030       0x31 c:/program files (x86)/atmel/studio/7.0/toolchain/avr8/avr8-gnu-toolchain/bin/../lib/gcc/avr/4.9.2/../../../../avr/lib/avr5\libc.a(malloc.o)
 .comment       0x00000030       0x31 c:/program files (x86)/atmel/studio/7.0/toolchain/avr8/avr8-gnu-toolchain/bin/../lib/gcc/avr/4.9.2/../../../../avr/lib/avr5\libc.a(realloc.o)

.note.gnu.avr.deviceinfo
                0x00000000       0x40
 .note.gnu.avr.deviceinfo
                0x00000000       0x40 C:/Program Files (x86)/Atmel/Studio/7.0/Packs/atmel/ATmega_DFP/1.0.90/gcc/dev/atmega328p/avr5/crtatmega328p.o

.note.gnu.build-id
 *(.note.gnu.build-id)

.debug
 *(.debug)

.line
 *(.line)

.debug_srcinfo
 *(.debug_srcinfo)

.debug_sfnames
 *(.debug_sfnames)

.debug_aranges  0x00000000      0xfc8
 *(.debug_aranges)
 .debug_aranges
                0x00000000       0x68 Arduino/ArduinoCore/HardwareSerial.o
 .debug_aranges
                0x00000068       0x38 Arduino/ArduinoCore/HardwareSerial0.o
 .debug_aranges
                0x000000a0       0x20 Arduino/ArduinoCore/hooks.o
 .debug_aranges
                0x000000c0       0x68 Arduino/ArduinoCore/IPAddress.o
 .debug_aranges
                0x00000128       0x38 Arduino/ArduinoCore/main.o
 .debug_aranges
                0x00000160       0xe8 Arduino/ArduinoCore/Print.o
 .debug_aranges
                0x00000248       0x38 Arduino/ArduinoCore/Tone.o
 .debug_aranges
                0x00000280       0x40 Arduino/ArduinoCore/WInterrupts.o
 .debug_aranges
                0x000002c0       0x48 Arduino/ArduinoCore/wiring.o
 .debug_aranges
                0x00000308       0x38 Arduino/ArduinoCore/wiring_digital.o
 .debug_aranges
                0x00000340       0x98 Arduino/ExtensionLibraries/DCMotorBot-master/DCMotorBot.o
 .debug_aranges
                0x000003d8       0xa0 Arduino/ExtensionLibraries/I2Cdev/I2Cdev.o
 .debug_aranges
                0x00000478      0x878 Arduino/ExtensionLibraries/MPU6050/MPU6050.o
 .debug_aranges
                0x00000cf0       0xa8 Arduino/StandardLibraries/SoftwareSerial/SoftwareSerial.o
 .debug_aranges
                0x00000d98       0x78 Arduino/StandardLibraries/Wire/utility/twi.o
 .debug_aranges
                0x00000e10       0xe8 Arduino/StandardLibraries/Wire/Wire.o
 .debug_aranges
                0x00000ef8       0xd0 Sketch.o

.debug_pubnames
 *(.debug_pubnames)

.debug_info     0x00000000    0x1e1d2
 *(.debug_info .gnu.linkonce.wi.*)
 .debug_info    0x00000000     0x1a5e Arduino/ArduinoCore/HardwareSerial.o
 .debug_info    0x00001a5e     0x1724 Arduino/ArduinoCore/HardwareSerial0.o
 .debug_info    0x00003182       0x3e Arduino/ArduinoCore/hooks.o
 .debug_info    0x000031c0     0x1789 Arduino/ArduinoCore/IPAddress.o
 .debug_info    0x00004949      0x206 Arduino/ArduinoCore/main.o
 .debug_info    0x00004b4f     0x25a5 Arduino/ArduinoCore/Print.o
 .debug_info    0x000070f4      0x73c Arduino/ArduinoCore/Tone.o
 .debug_info    0x00007830      0x217 Arduino/ArduinoCore/WInterrupts.o
 .debug_info    0x00007a47      0x2bb Arduino/ArduinoCore/wiring.o
 .debug_info    0x00007d02      0x5d6 Arduino/ArduinoCore/wiring_digital.o
 .debug_info    0x000082d8      0xd61 Arduino/ExtensionLibraries/DCMotorBot-master/DCMotorBot.o
 .debug_info    0x00009039     0x1276 Arduino/ExtensionLibraries/I2Cdev/I2Cdev.o
 .debug_info    0x0000a2af     0x8c4c Arduino/ExtensionLibraries/MPU6050/MPU6050.o
 .debug_info    0x00012efb     0x2676 Arduino/StandardLibraries/SoftwareSerial/SoftwareSerial.o
 .debug_info    0x00015571      0x6ef Arduino/StandardLibraries/Wire/utility/twi.o
 .debug_info    0x00015c60     0x23d2 Arduino/StandardLibraries/Wire/Wire.o
 .debug_info    0x00018032     0x61a0 Sketch.o

.debug_abbrev   0x00000000     0x3040
 *(.debug_abbrev)
 .debug_abbrev  0x00000000      0x379 Arduino/ArduinoCore/HardwareSerial.o
 .debug_abbrev  0x00000379      0x35d Arduino/ArduinoCore/HardwareSerial0.o
 .debug_abbrev  0x000006d6       0x2a Arduino/ArduinoCore/hooks.o
 .debug_abbrev  0x00000700      0x40b Arduino/ArduinoCore/IPAddress.o
 .debug_abbrev  0x00000b0b       0xea Arduino/ArduinoCore/main.o
 .debug_abbrev  0x00000bf5      0x3b0 Arduino/ArduinoCore/Print.o
 .debug_abbrev  0x00000fa5      0x261 Arduino/ArduinoCore/Tone.o
 .debug_abbrev  0x00001206       0xfc Arduino/ArduinoCore/WInterrupts.o
 .debug_abbrev  0x00001302      0x145 Arduino/ArduinoCore/wiring.o
 .debug_abbrev  0x00001447      0x149 Arduino/ArduinoCore/wiring_digital.o
 .debug_abbrev  0x00001590      0x210 Arduino/ExtensionLibraries/DCMotorBot-master/DCMotorBot.o
 .debug_abbrev  0x000017a0      0x2e0 Arduino/ExtensionLibraries/I2Cdev/I2Cdev.o
 .debug_abbrev  0x00001a80      0x300 Arduino/ExtensionLibraries/MPU6050/MPU6050.o
 .debug_abbrev  0x00001d80      0x5d9 Arduino/StandardLibraries/SoftwareSerial/SoftwareSerial.o
 .debug_abbrev  0x00002359      0x251 Arduino/StandardLibraries/Wire/utility/twi.o
 .debug_abbrev  0x000025aa      0x55b Arduino/StandardLibraries/Wire/Wire.o
 .debug_abbrev  0x00002b05      0x53b Sketch.o

.debug_line     0x00000000     0x4088
 *(.debug_line .debug_line.* .debug_line_end)
 .debug_line    0x00000000      0x2c5 Arduino/ArduinoCore/HardwareSerial.o
 .debug_line    0x000002c5      0x1ef Arduino/ArduinoCore/HardwareSerial0.o
 .debug_line    0x000004b4       0x4b Arduino/ArduinoCore/hooks.o
 .debug_line    0x000004ff      0x262 Arduino/ArduinoCore/IPAddress.o
 .debug_line    0x00000761      0x11b Arduino/ArduinoCore/main.o
 .debug_line    0x0000087c      0x404 Arduino/ArduinoCore/Print.o
 .debug_line    0x00000c80      0x1c2 Arduino/ArduinoCore/Tone.o
 .debug_line    0x00000e42      0x133 Arduino/ArduinoCore/WInterrupts.o
 .debug_line    0x00000f75      0x170 Arduino/ArduinoCore/wiring.o
 .debug_line    0x000010e5      0x13c Arduino/ArduinoCore/wiring_digital.o
 .debug_line    0x00001221      0x262 Arduino/ExtensionLibraries/DCMotorBot-master/DCMotorBot.o
 .debug_line    0x00001483      0x3e4 Arduino/ExtensionLibraries/I2Cdev/I2Cdev.o
 .debug_line    0x00001867     0x15c5 Arduino/ExtensionLibraries/MPU6050/MPU6050.o
 .debug_line    0x00002e2c      0x523 Arduino/StandardLibraries/SoftwareSerial/SoftwareSerial.o
 .debug_line    0x0000334f      0x29f Arduino/StandardLibraries/Wire/utility/twi.o
 .debug_line    0x000035ee      0x3ca Arduino/StandardLibraries/Wire/Wire.o
 .debug_line    0x000039b8      0x6d0 Sketch.o

.debug_frame    0x00000000     0x383c
 *(.debug_frame)
 .debug_frame   0x00000000      0x110 Arduino/ArduinoCore/HardwareSerial.o
 .debug_frame   0x00000110       0xcc Arduino/ArduinoCore/HardwareSerial0.o
 .debug_frame   0x000001dc       0x24 Arduino/ArduinoCore/hooks.o
 .debug_frame   0x00000200      0x108 Arduino/ArduinoCore/IPAddress.o
 .debug_frame   0x00000308       0x54 Arduino/ArduinoCore/main.o
 .debug_frame   0x0000035c      0x3a8 Arduino/ArduinoCore/Print.o
 .debug_frame   0x00000704      0x100 Arduino/ArduinoCore/Tone.o
 .debug_frame   0x00000804       0xf4 Arduino/ArduinoCore/WInterrupts.o
 .debug_frame   0x000008f8       0xbc Arduino/ArduinoCore/wiring.o
 .debug_frame   0x000009b4       0x7c Arduino/ArduinoCore/wiring_digital.o
 .debug_frame   0x00000a30      0x1dc Arduino/ExtensionLibraries/DCMotorBot-master/DCMotorBot.o
 .debug_frame   0x00000c0c      0x3c4 Arduino/ExtensionLibraries/I2Cdev/I2Cdev.o
 .debug_frame   0x00000fd0     0x1eb0 Arduino/ExtensionLibraries/MPU6050/MPU6050.o
 .debug_frame   0x00002e80      0x1e8 Arduino/StandardLibraries/SoftwareSerial/SoftwareSerial.o
 .debug_frame   0x00003068      0x124 Arduino/StandardLibraries/Wire/utility/twi.o
 .debug_frame   0x0000318c      0x264 Arduino/StandardLibraries/Wire/Wire.o
 .debug_frame   0x000033f0      0x44c Sketch.o

.debug_str      0x00000000     0x7d2f
 *(.debug_str)
 .debug_str     0x00000000     0x1136 Arduino/ArduinoCore/HardwareSerial.o
                               0x11da (size before relaxing)
 .debug_str     0x00001136       0x96 Arduino/ArduinoCore/HardwareSerial0.o
                                0xfd4 (size before relaxing)
 .debug_str     0x000011cc       0xed Arduino/ArduinoCore/hooks.o
                                0x12f (size before relaxing)
 .debug_str     0x000012b9      0x2be Arduino/ArduinoCore/IPAddress.o
                                0xde2 (size before relaxing)
 .debug_str     0x00001577       0x59 Arduino/ArduinoCore/main.o
                                0x25a (size before relaxing)
 .debug_str     0x000015d0      0x386 Arduino/ArduinoCore/Print.o
                                0xe7a (size before relaxing)
 .debug_str     0x00001956      0x1bb Arduino/ArduinoCore/Tone.o
                                0x3d5 (size before relaxing)
 .debug_str     0x00001b11       0x98 Arduino/ArduinoCore/WInterrupts.o
                                0x227 (size before relaxing)
 .debug_str     0x00001ba9       0x8a Arduino/ArduinoCore/wiring.o
                                0x231 (size before relaxing)
 .debug_str     0x00001c33       0x7b Arduino/ArduinoCore/wiring_digital.o
                                0x29f (size before relaxing)
 .debug_str     0x00001cae      0x2b3 Arduino/ExtensionLibraries/DCMotorBot-master/DCMotorBot.o
                                0x4bc (size before relaxing)
 .debug_str     0x00001f61      0x3ab Arduino/ExtensionLibraries/I2Cdev/I2Cdev.o
                                0x609 (size before relaxing)
 .debug_str     0x0000230c     0x3a5a Arduino/ExtensionLibraries/MPU6050/MPU6050.o
                               0x3f30 (size before relaxing)
 .debug_str     0x00005d66      0x5b0 Arduino/StandardLibraries/SoftwareSerial/SoftwareSerial.o
                               0x14ef (size before relaxing)
 .debug_str     0x00006316      0x1d4 Arduino/StandardLibraries/Wire/utility/twi.o
                                0x397 (size before relaxing)
 .debug_str     0x000064ea      0x40e Arduino/StandardLibraries/Wire/Wire.o
                               0x1487 (size before relaxing)
 .debug_str     0x000068f8     0x1437 Sketch.o
                               0x54c4 (size before relaxing)

.debug_loc      0x00000000    0x122f1
 *(.debug_loc)
 .debug_loc     0x00000000      0x484 Arduino/ArduinoCore/HardwareSerial.o
 .debug_loc     0x00000484      0x17b Arduino/ArduinoCore/HardwareSerial0.o
 .debug_loc     0x000005ff      0x41b Arduino/ArduinoCore/IPAddress.o
 .debug_loc     0x00000a1a     0x1db0 Arduino/ArduinoCore/Print.o
 .debug_loc     0x000027ca      0xaf2 Arduino/ArduinoCore/Tone.o
 .debug_loc     0x000032bc      0x235 Arduino/ArduinoCore/WInterrupts.o
 .debug_loc     0x000034f1      0x22a Arduino/ArduinoCore/wiring.o
 .debug_loc     0x0000371b      0x5c4 Arduino/ArduinoCore/wiring_digital.o
 .debug_loc     0x00003cdf      0x830 Arduino/ExtensionLibraries/DCMotorBot-master/DCMotorBot.o
 .debug_loc     0x0000450f     0x16da Arduino/ExtensionLibraries/I2Cdev/I2Cdev.o
 .debug_loc     0x00005be9     0x8eca Arduino/ExtensionLibraries/MPU6050/MPU6050.o
 .debug_loc     0x0000eab3     0x105a Arduino/StandardLibraries/SoftwareSerial/SoftwareSerial.o
 .debug_loc     0x0000fb0d      0x596 Arduino/StandardLibraries/Wire/utility/twi.o
 .debug_loc     0x000100a3      0xba5 Arduino/StandardLibraries/Wire/Wire.o
 .debug_loc     0x00010c48     0x16a9 Sketch.o

.debug_macinfo
 *(.debug_macinfo)

.debug_weaknames
 *(.debug_weaknames)

.debug_funcnames
 *(.debug_funcnames)

.debug_typenames
 *(.debug_typenames)

.debug_varnames
 *(.debug_varnames)

.debug_pubtypes
 *(.debug_pubtypes)

.debug_ranges   0x00000000     0x1030
 *(.debug_ranges)
 .debug_ranges  0x00000000       0x58 Arduino/ArduinoCore/HardwareSerial.o
 .debug_ranges  0x00000058       0x28 Arduino/ArduinoCore/HardwareSerial0.o
 .debug_ranges  0x00000080       0x10 Arduino/ArduinoCore/hooks.o
 .debug_ranges  0x00000090       0x78 Arduino/ArduinoCore/IPAddress.o
 .debug_ranges  0x00000108       0x28 Arduino/ArduinoCore/main.o
 .debug_ranges  0x00000130       0xf0 Arduino/ArduinoCore/Print.o
 .debug_ranges  0x00000220       0x58 Arduino/ArduinoCore/Tone.o
 .debug_ranges  0x00000278       0x30 Arduino/ArduinoCore/WInterrupts.o
 .debug_ranges  0x000002a8       0x38 Arduino/ArduinoCore/wiring.o
 .debug_ranges  0x000002e0       0x28 Arduino/ArduinoCore/wiring_digital.o
 .debug_ranges  0x00000308       0x88 Arduino/ExtensionLibraries/DCMotorBot-master/DCMotorBot.o
 .debug_ranges  0x00000390       0xa8 Arduino/ExtensionLibraries/I2Cdev/I2Cdev.o
 .debug_ranges  0x00000438      0x898 Arduino/ExtensionLibraries/MPU6050/MPU6050.o
 .debug_ranges  0x00000cd0      0x140 Arduino/StandardLibraries/SoftwareSerial/SoftwareSerial.o
 .debug_ranges  0x00000e10       0x68 Arduino/StandardLibraries/Wire/utility/twi.o
 .debug_ranges  0x00000e78       0xd8 Arduino/StandardLibraries/Wire/Wire.o
 .debug_ranges  0x00000f50       0xe0 Sketch.o

.debug_macro
 *(.debug_macro)
OUTPUT(sbr_1_2.elf elf32-avr)
LOAD linker stubs
