Archive member included to satisfy reference by file (symbol)

c:/program files (x86)/atmel/studio/7.0/toolchain/avr8/avr8-gnu-toolchain/bin/../lib/gcc/avr/4.9.2/../../../../avr/lib/avr5\libm.a(addsf3.o)
                              Arduino/ArduinoCore/Print.o (__subsf3)
c:/program files (x86)/atmel/studio/7.0/toolchain/avr8/avr8-gnu-toolchain/bin/../lib/gcc/avr/4.9.2/../../../../avr/lib/avr5\libm.a(addsf3x.o)
                              c:/program files (x86)/atmel/studio/7.0/toolchain/avr8/avr8-gnu-toolchain/bin/../lib/gcc/avr/4.9.2/../../../../avr/lib/avr5\libm.a(addsf3.o) (__addsf3x)
c:/program files (x86)/atmel/studio/7.0/toolchain/avr8/avr8-gnu-toolchain/bin/../lib/gcc/avr/4.9.2/../../../../avr/lib/avr5\libm.a(asin.o)
                              Sketch.o (asin)
c:/program files (x86)/atmel/studio/7.0/toolchain/avr8/avr8-gnu-toolchain/bin/../lib/gcc/avr/4.9.2/../../../../avr/lib/avr5\libm.a(atan2.o)
                              Sketch.o (atan2)
c:/program files (x86)/atmel/studio/7.0/toolchain/avr8/avr8-gnu-toolchain/bin/../lib/gcc/avr/4.9.2/../../../../avr/lib/avr5\libm.a(atan.o)
                              Sketch.o (atan)
c:/program files (x86)/atmel/studio/7.0/toolchain/avr8/avr8-gnu-toolchain/bin/../lib/gcc/avr/4.9.2/../../../../avr/lib/avr5\libm.a(cmpsf2.o)
                              Arduino/ArduinoCore/Print.o (__ltsf2)
c:/program files (x86)/atmel/studio/7.0/toolchain/avr8/avr8-gnu-toolchain/bin/../lib/gcc/avr/4.9.2/../../../../avr/lib/avr5\libm.a(divsf3.o)
                              Arduino/ArduinoCore/Print.o (__divsf3)
c:/program files (x86)/atmel/studio/7.0/toolchain/avr8/avr8-gnu-toolchain/bin/../lib/gcc/avr/4.9.2/../../../../avr/lib/avr5\libm.a(divsf3x.o)
                              c:/program files (x86)/atmel/studio/7.0/toolchain/avr8/avr8-gnu-toolchain/bin/../lib/gcc/avr/4.9.2/../../../../avr/lib/avr5\libm.a(divsf3.o) (__divsf3x)
c:/program files (x86)/atmel/studio/7.0/toolchain/avr8/avr8-gnu-toolchain/bin/../lib/gcc/avr/4.9.2/../../../../avr/lib/avr5\libm.a(fixsfsi.o)
                              Arduino/ArduinoCore/Print.o (__fixsfsi)
c:/program files (x86)/atmel/studio/7.0/toolchain/avr8/avr8-gnu-toolchain/bin/../lib/gcc/avr/4.9.2/../../../../avr/lib/avr5\libm.a(fixunssfsi.o)
                              Arduino/ArduinoCore/Print.o (__fixunssfsi)
c:/program files (x86)/atmel/studio/7.0/toolchain/avr8/avr8-gnu-toolchain/bin/../lib/gcc/avr/4.9.2/../../../../avr/lib/avr5\libm.a(floatsisf.o)
                              Arduino/ArduinoCore/Print.o (__floatunsisf)
c:/program files (x86)/atmel/studio/7.0/toolchain/avr8/avr8-gnu-toolchain/bin/../lib/gcc/avr/4.9.2/../../../../avr/lib/avr5\libm.a(fp_arccos.o)
                              c:/program files (x86)/atmel/studio/7.0/toolchain/avr8/avr8-gnu-toolchain/bin/../lib/gcc/avr/4.9.2/../../../../avr/lib/avr5\libm.a(asin.o) (__fp_arccos)
c:/program files (x86)/atmel/studio/7.0/toolchain/avr8/avr8-gnu-toolchain/bin/../lib/gcc/avr/4.9.2/../../../../avr/lib/avr5\libm.a(fp_cmp.o)
                              c:/program files (x86)/atmel/studio/7.0/toolchain/avr8/avr8-gnu-toolchain/bin/../lib/gcc/avr/4.9.2/../../../../avr/lib/avr5\libm.a(cmpsf2.o) (__fp_cmp)
c:/program files (x86)/atmel/studio/7.0/toolchain/avr8/avr8-gnu-toolchain/bin/../lib/gcc/avr/4.9.2/../../../../avr/lib/avr5\libm.a(fp_inf.o)
                              c:/program files (x86)/atmel/studio/7.0/toolchain/avr8/avr8-gnu-toolchain/bin/../lib/gcc/avr/4.9.2/../../../../avr/lib/avr5\libm.a(addsf3x.o) (__fp_inf)
c:/program files (x86)/atmel/studio/7.0/toolchain/avr8/avr8-gnu-toolchain/bin/../lib/gcc/avr/4.9.2/../../../../avr/lib/avr5\libm.a(fp_nan.o)
                              c:/program files (x86)/atmel/studio/7.0/toolchain/avr8/avr8-gnu-toolchain/bin/../lib/gcc/avr/4.9.2/../../../../avr/lib/avr5\libm.a(addsf3x.o) (__fp_nan)
c:/program files (x86)/atmel/studio/7.0/toolchain/avr8/avr8-gnu-toolchain/bin/../lib/gcc/avr/4.9.2/../../../../avr/lib/avr5\libm.a(fp_powser.o)
                              c:/program files (x86)/atmel/studio/7.0/toolchain/avr8/avr8-gnu-toolchain/bin/../lib/gcc/avr/4.9.2/../../../../avr/lib/avr5\libm.a(atan.o) (__fp_powser)
c:/program files (x86)/atmel/studio/7.0/toolchain/avr8/avr8-gnu-toolchain/bin/../lib/gcc/avr/4.9.2/../../../../avr/lib/avr5\libm.a(fp_powsodd.o)
                              c:/program files (x86)/atmel/studio/7.0/toolchain/avr8/avr8-gnu-toolchain/bin/../lib/gcc/avr/4.9.2/../../../../avr/lib/avr5\libm.a(asin.o) (__fp_powsodd)
c:/program files (x86)/atmel/studio/7.0/toolchain/avr8/avr8-gnu-toolchain/bin/../lib/gcc/avr/4.9.2/../../../../avr/lib/avr5\libm.a(fp_pscA.o)
                              c:/program files (x86)/atmel/studio/7.0/toolchain/avr8/avr8-gnu-toolchain/bin/../lib/gcc/avr/4.9.2/../../../../avr/lib/avr5\libm.a(addsf3x.o) (__fp_pscA)
[...]
Memory Configuration

Name             Origin             Length             Attributes
text             0x00000000         0x00020000         xr
data             0x00800060         0x0000ffa0         rw !x
eeprom           0x00810000         0x00010000         rw !x
fuse             0x00820000         0x00000400         rw !x
lock             0x00830000         0x00000400         rw !x
signature        0x00840000         0x00000400         rw !x
user_signatures  0x00850000         0x00000400         rw !x
*default*        0x00000000         0xffffffff

Linker script and memory map

Address of section .data set to 0x800100
LOAD C:/Program Files (x86)/Atmel/Studio/7.0/Packs/atmel/ATmega_DFP/1.0.90/gcc/dev/atmega328p/avr5/crtatmega328p.o
LOAD Arduino/ArduinoCore/abi.o
LOAD Arduino/ArduinoCore/CDC.o
LOAD Arduino/ArduinoCore/HardwareSerial.o
LOAD Arduino/ArduinoCore/HardwareSerial0.o
LOAD Arduino/ArduinoCore/HardwareSerial1.o
LOAD Arduino/ArduinoCore/HardwareSerial2.o
LOAD Arduino/ArduinoCore/HardwareSerial3.o
LOAD Arduino/ArduinoCore/hooks.o
LOAD Arduino/ArduinoCore/IPAddress.o
LOAD Arduino/ArduinoCore/main.o
LOAD Arduino/ArduinoCore/new.o
LOAD Arduino/ArduinoCore/PluggableUSB.o
LOAD Arduino/ArduinoCore/Print.o
LOAD Arduino/ArduinoCore/Stream.o
LOAD Arduino/ArduinoCore/Tone.o
LOAD Arduino/ArduinoCore/USBCore.o
LOAD Arduino/ArduinoCore/WInterrupts.o
LOAD Arduino/ArduinoCore/wiring.o
LOAD Arduino/ArduinoCore/wiring_analog.o
LOAD Arduino/ArduinoCore/wiring_digital.o
LOAD Arduino/ArduinoCore/wiring_pulse.o
LOAD Arduino/ArduinoCore/wiring_shift.o
LOAD Arduino/ArduinoCore/WMath.o
LOAD Arduino/ArduinoCore/WString.o
LOAD Arduino/ExtensionLibraries/DCMotorBot-master/DCMotorBot.o
LOAD Arduino/ExtensionLibraries/I2Cdev/I2Cdev.o
LOAD Arduino/ExtensionLibraries/MPU6050/MPU6050.o
LOAD Arduino/StandardLibraries/SoftwareSerial/SoftwareSerial.o
LOAD Arduino/StandardLibraries/Wire/utility/twi.o
LOAD Arduino/StandardLibraries/Wire/Wire.o
LOAD Sketch.o
START GROUP
LOAD c:/program files (x86)/atmel/studio/7.0/toolchain/avr8/avr8-gnu-toolchain/bin/../lib/gcc/avr/4.9.2/../../../../avr/lib/avr5\libm.a
END GROUP
LOAD c:/program files (x86)/atmel/studio/7.0/toolchain/avr8/avr8-gnu-toolchain/bin/../lib/gcc/avr/4.9.2/avr5\libgcc.a
LOAD c:/program files (x86)/atmel/studio/7.0/toolchain/avr8/avr8-gnu-toolchain/bin/../lib/gcc/avr/4.9.2/../../../../avr/lib/avr5\libm.a
START GROUP
LOAD c:/program files (x86)/atmel/studio/7.0/toolchain/avr8/avr8-gnu-toolchain/bin/../lib/gcc/avr/4.9.2/avr5\libgcc.a
LOAD c:/program files (x86)/atmel/studio/7.0/toolchain/avr8/avr8-gnu-toolchain/bin/../lib/gcc/avr/4.9.2/../../../../avr/lib/avr5\libm.a
LOAD c:/program files (x86)/atmel/studio/7.0/toolchain/avr8/avr8-gnu-toolchain/bin/../lib/gcc/avr/4.9.2/../../../../avr/lib/avr5\libc.a
LOAD C:/Program Files (x86)/Atmel/Studio/7.0/Packs/atmel/ATmega_DFP/1.0.90/gcc/dev/atmega328p/avr5\libatmega328p.a
END GROUP

.hash
 *(.hash)

.dynsym
 *(.dynsym)

.dynstr
 *(.dynstr)

.gnu.version
 *(.gnu.version)

.gnu.version_d
 *(.gnu.version_d)

.gnu.version_r
 *(.gnu.version_r)

.rel.init
 *(.rel.init)

.rela.init
 *(.rela.init)

.rel.text
 *(.rel.text)
 *(.rel.text.*)
 *(.rel.gnu.linkonce.t*)

.rela.text
 *(.rela.text)
 *(.rela.text.*)
 *(.rela.gnu.linkonce.t*)

.rel.fini
 *(.rel.fini)

.rela.fini
 *(.rela.fini)

.rel.rodata
 *(.rel.rodata)
 *(.rel.rodata.*)
 *(.rel.gnu.linkonce.r*)

.rela.rodata
 *(.rela.rodata)
 *(.rela.rodata.*)
 *(.rela.gnu.linkonce.r*)

.rel.data
 *(.rel.data)
 *(.rel.data.*)
 *(.rel.gnu.linkonce.d*)

.rela.data
 *(.rela.data)
 *(.rela.data.*)
 *(.rela.gnu.linkonce.d*)

.rel.ctors
 *(.rel.ctors)

.rela.ctors
 *(.rela.ctors)

.rel.dtors
 *(.rel.dtors)

.rela.dtors
 *(.rela.dtors)

.rel.got
 *(.rel.got)

.rela.got
 *(.rela.got)

.rel.bss
 *(.rel.bss)

.rela.bss
 *(.rela.bss)

.rel.plt
 *(.rel.plt)

.rela.plt
 *(.rela.plt)

.text           0x00000000     0x4d5c
 *(.vectors)
 .vectors       0x00000000       0x68 C:/Program Files (x86)/Atmel/Studio/7.0/Packs/atmel/ATmega_DFP/1.0.90/gcc/dev/atmega328p/avr5/crtatmega328p.o
                0x00000000                __vector_default
                0x00000000                __vectors
 *(.vectors)
 *(.progmem.gcc*)
 .progmem.gcc_fplib
                0x00000068       0x2d c:/program files (x86)/atmel/studio/7.0/toolchain/avr8/avr8-gnu-toolchain/bin/../lib/gcc/avr/4.9.2/../../../../avr/lib/avr5\libm.a(atan.o)
                0x00000096                . = ALIGN (0x2)
 *fill*         0x00000095        0x1 
                0x00000096                __trampolines_start = .
 *(.trampolines)
 .trampolines   0x00000096        0x0 linker stubs
 *(.trampolines*)
                0x00000096                __trampolines_end = .
 *(.progmem*)
 .progmem.data._ZL21tone_pin_to_timer_PGM
                0x00000096        0x1 Arduino/ArduinoCore/Tone.o
 .progmem.data.digital_pin_to_timer_PGM
                0x00000097       0x14 Arduino/ArduinoCore/wiring_digital.o
                0x00000097                digital_pin_to_timer_PGM
 .progmem.data.digital_pin_to_bit_mask_PGM
                0x000000ab       0x14 Arduino/ArduinoCore/wiring_digital.o
                0x000000ab                digital_pin_to_bit_mask_PGM
 .progmem.data.digital_pin_to_port_PGM
                0x000000bf       0x14 Arduino/ArduinoCore/wiring_digital.o
                0x000000bf                digital_pin_to_port_PGM
 .progmem.data.port_to_input_PGM
                0x000000d3        0xa Arduino/ArduinoCore/wiring_digital.o
                0x000000d3                port_to_input_PGM
 .progmem.data.port_to_output_PGM
                0x000000dd        0xa Arduino/ArduinoCore/wiring_digital.o
                0x000000dd                port_to_output_PGM
 .progmem.data.port_to_mode_PGM
                0x000000e7        0xa Arduino/ArduinoCore/wiring_digital.o
                0x000000e7                port_to_mode_PGM
 .progmem.data._ZZ4loopE3__c_3
                0x000000f1       0x13 Sketch.o
 .progmem.data._ZZ4loopE3__c_2
                0x00000104       0x12 Sketch.o
 .progmem.data._ZZ4loopE3__c_1
                0x00000116        0xf Sketch.o
 .progmem.data._ZZ4loopE3__c_0
                0x00000125       0x11 Sketch.o
 .progmem.data._ZZ4loopE3__c
                0x00000136        0xc Sketch.o
 .progmem.data._ZZ5setupE3__c_11
                0x00000142        0x2 Sketch.o
 .progmem.data._ZZ5setupE3__c_10
                0x00000144       0x21 Sketch.o
 .progmem.data._ZZ5setupE3__c_9
                0x00000165       0x2a Sketch.o
 .progmem.data._ZZ5setupE3__c_8
                0x0000018f       0x3f Sketch.o
 .progmem.data._ZZ5setupE3__c_7
                0x000001ce       0x10 Sketch.o
 .progmem.data._ZZ5setupE3__c_6
                0x000001de       0x14 Sketch.o
 .progmem.data._ZZ5setupE3__c_5
                0x000001f2       0x38 Sketch.o
 .progmem.data._ZZ5setupE3__c_4
                0x0000022a       0x1a Sketch.o
 .progmem.data._ZZ5setupE3__c_3
                0x00000244       0x26 Sketch.o
 .progmem.data._ZZ5setupE3__c_2
                0x0000026a       0x1a Sketch.o
 .progmem.data._ZZ5setupE3__c_1
                0x00000284       0x1e Sketch.o
 .progmem.data._ZZ5setupE3__c_0
                0x000002a2       0x1e Sketch.o
 .progmem.data._ZZ5setupE3__c
                0x000002c0       0x1c Sketch.o
 .progmem.data._ZL10dmpUpdates
                0x000002dc       0x2f Sketch.o
 .progmem.data._ZL9dmpConfig
                0x0000030b       0xc0 Sketch.o
 .progmem.data._ZL9dmpMemory
                0x000003cb      0x789 Sketch.o
                0x00000b54                . = ALIGN (0x2)
 *(.jumptables)
 *(.jumptables*)
 *(.lowtext)
 *(.lowtext*)
                0x00000b54                __ctors_start = .
 *(.ctors)
 .ctors         0x00000b54        0x2 Arduino/ArduinoCore/HardwareSerial0.o
 .ctors         0x00000b56        0x2 Arduino/ArduinoCore/IPAddress.o
 .ctors         0x00000b58        0x2 Arduino/StandardLibraries/Wire/Wire.o
 .ctors         0x00000b5a        0x2 Sketch.o
                0x00000b5c                __ctors_end = .
                0x00000b5c                __dtors_start = .
 *(.dtors)
 .dtors         0x00000b5c        0x2 Sketch.o
                0x00000b5e                __dtors_end = .
 SORT(*)(.ctors)
 SORT(*)(.dtors)
 *(.init0)
 .init0         0x00000b5e        0x0 C:/Program Files (x86)/Atmel/Studio/7.0/Packs/atmel/ATmega_DFP/1.0.90/gcc/dev/atmega328p/avr5/crtatmega328p.o
                0x00000b5e                __init
 *(.init0)
 *(.init1)
 *(.init1)
 *(.init2)
 .init2         0x00000b5e        0xc C:/Program Files (x86)/Atmel/Studio/7.0/Packs/atmel/ATmega_DFP/1.0.90/gcc/dev/atmega328p/avr5/crtatmega328p.o
 *(.init2)
 *(.init3)
 *(.init3)
 *(.init4)
 .init4         0x00000b6a       0x16 c:/program files (x86)/atmel/studio/7.0/toolchain/avr8/avr8-gnu-toolchain/bin/../lib/gcc/avr/4.9.2/avr5\libgcc.a(_copy_data.o)
                0x00000b6a                __do_copy_data
 .init4         0x00000b80       0x10 c:/program files (x86)/atmel/studio/7.0/toolchain/avr8/avr8-gnu-toolchain/bin/../lib/gcc/avr/4.9.2/avr5\libgcc.a(_clear_bss.o)
                0x00000b80                __do_clear_bss
 *(.init4)
 *(.init5)
 *(.init5)
 *(.init6)
 .init6         0x00000b90       0x16 c:/program files (x86)/atmel/studio/7.0/toolchain/avr8/avr8-gnu-toolchain/bin/../lib/gcc/avr/4.9.2/avr5\libgcc.a(_ctors.o)
                0x00000b90                __do_global_ctors
 *(.init6)
 *(.init7)
 *(.init7)
 *(.init8)
 *(.init8)
 *(.init9)
 .init9         0x00000ba6        0x8 C:/Program Files (x86)/Atmel/Studio/7.0/Packs/atmel/ATmega_DFP/1.0.90/gcc/dev/atmega328p/avr5/crtatmega328p.o
 *(.init9)
 *(.text)
 .text          0x00000bae        0x4 C:/Program Files (x86)/Atmel/Studio/7.0/Packs/atmel/ATmega_DFP/1.0.90/gcc/dev/atmega328p/avr5/crtatmega328p.o
                0x00000bae                __vector_22
                0x00000bae                __vector_12
                0x00000bae                __bad_interrupt
                0x00000bae                __vector_6
                0x00000bae                __vector_23
                0x00000bae                __vector_25
                0x00000bae                __vector_11
                0x00000bae                __vector_13
                0x00000bae                __vector_17
                0x00000bae                __vector_9
                0x00000bae                __vector_21
                0x00000bae                __vector_15
                0x00000bae                __vector_8
                0x00000bae                __vector_14
                0x00000bae                __vector_10
                0x00000bae                __vector_20
                0x00000bb2                . = ALIGN (0x2)
 *(.text.*)
 .text._ZN14HardwareSerial9availableEv
                0x00000bb2       0x18 Arduino/ArduinoCore/HardwareSerial.o
                0x00000bb2                _ZN14HardwareSerial9availableEv
 .text._ZN14HardwareSerial4peekEv
                0x00000bca       0x1c Arduino/ArduinoCore/HardwareSerial.o
                0x00000bca                _ZN14HardwareSerial4peekEv
 .text._ZN14HardwareSerial4readEv
                0x00000be6       0x28 Arduino/ArduinoCore/HardwareSerial.o
                0x00000be6                _ZN14HardwareSerial4readEv
 .text._Z14serialEventRunv
                0x00000c0e       0x1c Arduino/ArduinoCore/HardwareSerial.o
                0x00000c0e                _Z14serialEventRunv
 .text._ZN14HardwareSerial17_tx_udr_empty_irqEv
                0x00000c2a       0x42 Arduino/ArduinoCore/HardwareSerial.o
                0x00000c2a                _ZN14HardwareSerial17_tx_udr_empty_irqEv
 .text._ZN14HardwareSerial5flushEv
                0x00000c6c       0x44 Arduino/ArduinoCore/HardwareSerial.o
                0x00000c6c                _ZN14HardwareSerial5flushEv
 .text._ZN14HardwareSerial5writeEh
                0x00000cb0       0x8e Arduino/ArduinoCore/HardwareSerial.o
                0x00000cb0                _ZN14HardwareSerial5writeEh
 .text._ZN14HardwareSerial5beginEmh
                0x00000d3e       0xca Arduino/ArduinoCore/HardwareSerial.o
                0x00000d3e                _ZN14HardwareSerial5beginEmh
 .text.__vector_18
                0x00000e08       0x64 Arduino/ArduinoCore/HardwareSerial0.o
                0x00000e08                __vector_18
 .text.__vector_19
                0x00000e6c       0x4c Arduino/ArduinoCore/HardwareSerial0.o
                0x00000e6c                __vector_19
 .text._Z17Serial0_availablev
                0x00000eb8       0x14 Arduino/ArduinoCore/HardwareSerial0.o
                0x00000eb8                _Z17Serial0_availablev
 .text.startup._GLOBAL__sub_I___vector_18
                0x00000ecc       0x5a Arduino/ArduinoCore/HardwareSerial0.o
 .text.__empty  0x00000f26        0x2 Arduino/ArduinoCore/hooks.o
                0x00000f26                yield
 .text._ZNK9IPAddress7printToER5Print
                0x00000f28       0x84 Arduino/ArduinoCore/IPAddress.o
                0x00000f28                _ZNK9IPAddress7printToER5Print
 .text.startup._GLOBAL__sub_I__ZN9IPAddressC2Ev
                0x00000fac       0x16 Arduino/ArduinoCore/IPAddress.o
 .text.initVariant
                0x00000fc2        0x2 Arduino/ArduinoCore/main.o
                0x00000fc2                initVariant
 .text.startup.main
                0x00000fc4       0x1e Arduino/ArduinoCore/main.o
                0x00000fc4                main
 .text._ZN5Print5writeEPKhj
                0x00000fe2       0x56 Arduino/ArduinoCore/Print.o
                0x00000fe2                _ZN5Print5writeEPKhj
 .text._ZN5Print5writeEPKc
                0x00001038       0x2a Arduino/ArduinoCore/Print.o
                0x00001038                _ZN5Print5writeEPKc
 .text._ZN5Print5printEPK19__FlashStringHelper
                0x00001062       0x48 Arduino/ArduinoCore/Print.o
                0x00001062                _ZN5Print5printEPK19__FlashStringHelper
 .text._ZN5Print5printEPKc
                0x000010aa        0x4 Arduino/ArduinoCore/Print.o
                0x000010aa                _ZN5Print5printEPKc
 .text._ZN5Print5printEc
                0x000010ae        0xe Arduino/ArduinoCore/Print.o
                0x000010ae                _ZN5Print5printEc
 .text._ZN5Print7printlnEv
                0x000010bc        0x8 Arduino/ArduinoCore/Print.o
                0x000010bc                _ZN5Print7printlnEv
 .text._ZN5Print7printlnEPK19__FlashStringHelper
                0x000010c4       0x24 Arduino/ArduinoCore/Print.o
                0x000010c4                _ZN5Print7printlnEPK19__FlashStringHelper
 .text._ZN5Print7printlnEPKc
                0x000010e8       0x24 Arduino/ArduinoCore/Print.o
                0x000010e8                _ZN5Print7printlnEPKc
 .text._ZN5Print7printlnEc
                0x0000110c       0x24 Arduino/ArduinoCore/Print.o
                0x0000110c                _ZN5Print7printlnEc
 .text._ZN5Print11printNumberEmh
                0x00001130       0xac Arduino/ArduinoCore/Print.o
                0x00001130                _ZN5Print11printNumberEmh
 .text._ZN5Print5printEli
                0x000011dc       0x94 Arduino/ArduinoCore/Print.o
                0x000011dc                _ZN5Print5printEli
 .text._ZN5Print5printEmi
                0x00001270       0x1a Arduino/ArduinoCore/Print.o
                0x00001270                _ZN5Print5printEmi
 .text._ZN5Print5printEhi
                0x0000128a        0xe Arduino/ArduinoCore/Print.o
                0x0000128a                _ZN5Print5printEhi
 .text._ZN5Print5printEji
                0x00001298        0xc Arduino/ArduinoCore/Print.o
                0x00001298                _ZN5Print5printEji
 .text._ZN5Print10printFloatEdh
                0x000012a4      0x1ca Arduino/ArduinoCore/Print.o
                0x000012a4                _ZN5Print10printFloatEdh
 .text._ZN5Print5printEdi
                0x0000146e        0x4 Arduino/ArduinoCore/Print.o
                0x0000146e                _ZN5Print5printEdi
 .text._ZN5Print7printlnEdi
                0x00001472       0x24 Arduino/ArduinoCore/Print.o
                0x00001472                _ZN5Print7printlnEdi
 .text._Z12disableTimerh
                0x00001496       0x40 Arduino/ArduinoCore/Tone.o
                0x00001496                _Z12disableTimerh
 .text._Z6noToneh
                0x000014d6       0x2c Arduino/ArduinoCore/Tone.o
                0x000014d6                _Z6noToneh
 .text.__vector_7
                0x00001502       0xb8 Arduino/ArduinoCore/Tone.o
                0x00001502                __vector_7
 .text.nothing  0x000015ba        0x2 Arduino/ArduinoCore/WInterrupts.o
 .text.attachInterrupt
                0x000015bc       0x40 Arduino/ArduinoCore/WInterrupts.o
                0x000015bc                attachInterrupt
 .text.__vector_1
                0x000015fc       0x4e Arduino/ArduinoCore/WInterrupts.o
                0x000015fc                __vector_1
 .text.__vector_2
                0x0000164a       0x4e Arduino/ArduinoCore/WInterrupts.o
                0x0000164a                __vector_2
 .text.__vector_16
                0x00001698       0x94 Arduino/ArduinoCore/wiring.o
                0x00001698                __vector_16
 .text.millis   0x0000172c       0x18 Arduino/ArduinoCore/wiring.o
                0x0000172c                millis
 .text.micros   0x00001744       0x4a Arduino/ArduinoCore/wiring.o
                0x00001744                micros
 .text.delay    0x0000178e       0x50 Arduino/ArduinoCore/wiring.o
                0x0000178e                delay
 .text.init     0x000017de       0x76 Arduino/ArduinoCore/wiring.o
                0x000017de                init
 .text.turnOffPWM
                0x00001854       0x52 Arduino/ArduinoCore/wiring_digital.o
 .text.pinMode  0x000018a6       0x78 Arduino/ArduinoCore/wiring_digital.o
                0x000018a6                pinMode
 .text.digitalWrite
                0x0000191e       0x60 Arduino/ArduinoCore/wiring_digital.o
                0x0000191e                digitalWrite
 .text._ZN10DCMotorBotC2Ev
                0x0000197e       0x14 Arduino/ExtensionLibraries/DCMotorBot-master/DCMotorBot.o
                0x0000197e                _ZN10DCMotorBotC2Ev
                0x0000197e                _ZN10DCMotorBotC1Ev
 .text._ZN10DCMotorBot14setControlPinsEhhhh
                0x00001992       0x36 Arduino/ExtensionLibraries/DCMotorBot-master/DCMotorBot.o
                0x00001992                _ZN10DCMotorBot14setControlPinsEhhhh
 .text._ZN10DCMotorBot4stopEv
                0x000019c8       0x2a Arduino/ExtensionLibraries/DCMotorBot-master/DCMotorBot.o
                0x000019c8                _ZN10DCMotorBot4stopEv
 .text._ZN10DCMotorBot14balanceForwardEv
                0x000019f2       0x2a Arduino/ExtensionLibraries/DCMotorBot-master/DCMotorBot.o
                0x000019f2                _ZN10DCMotorBot14balanceForwardEv
 .text._ZN10DCMotorBot15balanceBackwardEv
                0x00001a1c       0x2a Arduino/ExtensionLibraries/DCMotorBot-master/DCMotorBot.o
                0x00001a1c                _ZN10DCMotorBot15balanceBackwardEv
 .text._ZN6I2Cdev10writeBytesEhhhPh
                0x00001a46       0x72 Arduino/ExtensionLibraries/I2Cdev/I2Cdev.o
                0x00001a46                _ZN6I2Cdev10writeBytesEhhhPh
 .text._ZN6I2Cdev9writeByteEhhh
                0x00001ab8       0x20 Arduino/ExtensionLibraries/I2Cdev/I2Cdev.o
                0x00001ab8                _ZN6I2Cdev9writeByteEhhh
 .text._ZN6I2Cdev10writeWordsEhhhPj
                0x00001ad8       0x7c Arduino/ExtensionLibraries/I2Cdev/I2Cdev.o
                0x00001ad8                _ZN6I2Cdev10writeWordsEhhhPj
 .text._ZN6I2Cdev9writeWordEhhj
                0x00001b54       0x24 Arduino/ExtensionLibraries/I2Cdev/I2Cdev.o
                0x00001b54                _ZN6I2Cdev9writeWordEhhj
 .text._ZN6I2Cdev9readBytesEhhhPhj
                0x00001b78      0x164 Arduino/ExtensionLibraries/I2Cdev/I2Cdev.o
                0x00001b78                _ZN6I2Cdev9readBytesEhhhPhj
 .text._ZN6I2Cdev8readByteEhhPhj
                0x00001cdc       0x14 Arduino/ExtensionLibraries/I2Cdev/I2Cdev.o
                0x00001cdc                _ZN6I2Cdev8readByteEhhPhj
 .text._ZN6I2Cdev8readBitsEhhhhPhj
                0x00001cf0       0x7a Arduino/ExtensionLibraries/I2Cdev/I2Cdev.o
                0x00001cf0                _ZN6I2Cdev8readBitsEhhhhPhj
 .text._ZN6I2Cdev8writeBitEhhhh
                0x00001d6a       0x6e Arduino/ExtensionLibraries/I2Cdev/I2Cdev.o
                0x00001d6a                _ZN6I2Cdev8writeBitEhhhh
 .text._ZN6I2Cdev9writeBitsEhhhhh
                0x00001dd8       0x8e Arduino/ExtensionLibraries/I2Cdev/I2Cdev.o
                0x00001dd8                _ZN6I2Cdev9writeBitsEhhhhh
 .text._ZN7MPU6050C2Ev
                0x00001e66        0x8 Arduino/ExtensionLibraries/MPU6050/MPU6050.o
                0x00001e66                _ZN7MPU6050C2Ev
                0x00001e66                _ZN7MPU6050C1Ev
 .text._ZN7MPU60507setRateEh
                0x00001e6e        0xc Arduino/ExtensionLibraries/MPU6050/MPU6050.o
                0x00001e6e                _ZN7MPU60507setRateEh
 .text._ZN7MPU605020setExternalFrameSyncEh
                0x00001e7a       0x16 Arduino/ExtensionLibraries/MPU6050/MPU6050.o
                0x00001e7a                _ZN7MPU605020setExternalFrameSyncEh
 .text._ZN7MPU605011setDLPFModeEh
                0x00001e90       0x16 Arduino/ExtensionLibraries/MPU6050/MPU6050.o
                0x00001e90                _ZN7MPU605011setDLPFModeEh
 .text._ZN7MPU605021setFullScaleGyroRangeEh
                0x00001ea6       0x16 Arduino/ExtensionLibraries/MPU6050/MPU6050.o
                0x00001ea6                _ZN7MPU605021setFullScaleGyroRangeEh
 .text._ZN7MPU605022setFullScaleAccelRangeEh
                0x00001ebc       0x16 Arduino/ExtensionLibraries/MPU6050/MPU6050.o
                0x00001ebc                _ZN7MPU605022setFullScaleAccelRangeEh
 .text._ZN7MPU605027setMotionDetectionThresholdEh
                0x00001ed2        0xc Arduino/ExtensionLibraries/MPU6050/MPU6050.o
                0x00001ed2                _ZN7MPU605027setMotionDetectionThresholdEh
 .text._ZN7MPU605026setMotionDetectionDurationEh
                0x00001ede        0xc Arduino/ExtensionLibraries/MPU6050/MPU6050.o
                0x00001ede                _ZN7MPU605026setMotionDetectionDurationEh
 .text._ZN7MPU605031setZeroMotionDetectionThresholdEh
                0x00001eea        0xc Arduino/ExtensionLibraries/MPU6050/MPU6050.o
                0x00001eea                _ZN7MPU605031setZeroMotionDetectionThresholdEh
 .text._ZN7MPU605030setZeroMotionDetectionDurationEh
                0x00001ef6        0xc Arduino/ExtensionLibraries/MPU6050/MPU6050.o
                0x00001ef6                _ZN7MPU605030setZeroMotionDetectionDurationEh
 .text._ZN7MPU605015setSlaveAddressEhh
                0x00001f02       0x16 Arduino/ExtensionLibraries/MPU6050/MPU6050.o
                0x00001f02                _ZN7MPU605015setSlaveAddressEhh
 .text._ZN7MPU605013setIntEnabledEh
                0x00001f18        0xc Arduino/ExtensionLibraries/MPU6050/MPU6050.o
                0x00001f18                _ZN7MPU605013setIntEnabledEh
 .text._ZN7MPU605012getIntStatusEv
                0x00001f24       0x24 Arduino/ExtensionLibraries/MPU6050/MPU6050.o
                0x00001f24                _ZN7MPU605012getIntStatusEv
 .text._ZN7MPU605014setFIFOEnabledEb
                0x00001f48        0xe Arduino/ExtensionLibraries/MPU6050/MPU6050.o
                0x00001f48                _ZN7MPU605014setFIFOEnabledEb
 .text._ZN7MPU605023setI2CMasterModeEnabledEb
                0x00001f56        0xe Arduino/ExtensionLibraries/MPU6050/MPU6050.o
                0x00001f56                _ZN7MPU605023setI2CMasterModeEnabledEb
 .text._ZN7MPU60509resetFIFOEv
                0x00001f64        0xe Arduino/ExtensionLibraries/MPU6050/MPU6050.o
                0x00001f64                _ZN7MPU60509resetFIFOEv
 .text._ZN7MPU605014resetI2CMasterEv
                0x00001f72        0xe Arduino/ExtensionLibraries/MPU6050/MPU6050.o
                0x00001f72                _ZN7MPU605014resetI2CMasterEv
 .text._ZN7MPU60505resetEv
                0x00001f80        0xe Arduino/ExtensionLibraries/MPU6050/MPU6050.o
                0x00001f80                _ZN7MPU60505resetEv
 .text._ZN7MPU605015setSleepEnabledEb
                0x00001f8e        0xe Arduino/ExtensionLibraries/MPU6050/MPU6050.o
                0x00001f8e                _ZN7MPU605015setSleepEnabledEb
 .text._ZN7MPU605014setClockSourceEh
                0x00001f9c       0x16 Arduino/ExtensionLibraries/MPU6050/MPU6050.o
                0x00001f9c                _ZN7MPU605014setClockSourceEh
 .text._ZN7MPU605010initializeEv
                0x00001fb2       0x28 Arduino/ExtensionLibraries/MPU6050/MPU6050.o
                0x00001fb2                _ZN7MPU605010initializeEv
 .text._ZN7MPU605012getFIFOCountEv
                0x00001fda       0x3c Arduino/ExtensionLibraries/MPU6050/MPU6050.o
                0x00001fda                _ZN7MPU605012getFIFOCountEv
 .text._ZN7MPU605012getFIFOBytesEPhh
                0x00002016       0x28 Arduino/ExtensionLibraries/MPU6050/MPU6050.o
                0x00002016                _ZN7MPU605012getFIFOBytesEPhh
 .text._ZN7MPU605011getDeviceIDEv
                0x0000203e       0x38 Arduino/ExtensionLibraries/MPU6050/MPU6050.o
                0x0000203e                _ZN7MPU605011getDeviceIDEv
 .text._ZN7MPU605014testConnectionEv
                0x00002076       0x10 Arduino/ExtensionLibraries/MPU6050/MPU6050.o
                0x00002076                _ZN7MPU605014testConnectionEv
 .text._ZN7MPU605015setOTPBankValidEb
                0x00002086        0xe Arduino/ExtensionLibraries/MPU6050/MPU6050.o
                0x00002086                _ZN7MPU605015setOTPBankValidEb
 .text._ZN7MPU605016getXGyroOffsetTCEv
                0x00002094       0x38 Arduino/ExtensionLibraries/MPU6050/MPU6050.o
                0x00002094                _ZN7MPU605016getXGyroOffsetTCEv
 .text._ZN7MPU605016setXGyroOffsetTCEa
                0x000020cc       0x16 Arduino/ExtensionLibraries/MPU6050/MPU6050.o
                0x000020cc                _ZN7MPU605016setXGyroOffsetTCEa
 .text._ZN7MPU605016getYGyroOffsetTCEv
                0x000020e2       0x38 Arduino/ExtensionLibraries/MPU6050/MPU6050.o
                0x000020e2                _ZN7MPU605016getYGyroOffsetTCEv
 .text._ZN7MPU605016setYGyroOffsetTCEa
                0x0000211a       0x16 Arduino/ExtensionLibraries/MPU6050/MPU6050.o
                0x0000211a                _ZN7MPU605016setYGyroOffsetTCEa
 .text._ZN7MPU605016getZGyroOffsetTCEv
                0x00002130       0x38 Arduino/ExtensionLibraries/MPU6050/MPU6050.o
                0x00002130                _ZN7MPU605016getZGyroOffsetTCEv
 .text._ZN7MPU605016setZGyroOffsetTCEa
                0x00002168       0x16 Arduino/ExtensionLibraries/MPU6050/MPU6050.o
                0x00002168                _ZN7MPU605016setZGyroOffsetTCEa
 .text._ZN7MPU605015setZAccelOffsetEi
                0x0000217e        0xc Arduino/ExtensionLibraries/MPU6050/MPU6050.o
                0x0000217e                _ZN7MPU605015setZAccelOffsetEi
 .text._ZN7MPU605014setXGyroOffsetEi
                0x0000218a        0xc Arduino/ExtensionLibraries/MPU6050/MPU6050.o
                0x0000218a                _ZN7MPU605014setXGyroOffsetEi
 .text._ZN7MPU605014setYGyroOffsetEi
                0x00002196        0xc Arduino/ExtensionLibraries/MPU6050/MPU6050.o
                0x00002196                _ZN7MPU605014setYGyroOffsetEi
 .text._ZN7MPU605014setZGyroOffsetEi
                0x000021a2        0xc Arduino/ExtensionLibraries/MPU6050/MPU6050.o
                0x000021a2                _ZN7MPU605014setZGyroOffsetEi
 .text._ZN7MPU605013setDMPEnabledEb
                0x000021ae        0xe Arduino/ExtensionLibraries/MPU6050/MPU6050.o
                0x000021ae                _ZN7MPU605013setDMPEnabledEb
 .text._ZN7MPU60508resetDMPEv
                0x000021bc        0xe Arduino/ExtensionLibraries/MPU6050/MPU6050.o
                0x000021bc                _ZN7MPU60508resetDMPEv
 .text._ZN7MPU605013setMemoryBankEhbb
                0x000021ca       0x16 Arduino/ExtensionLibraries/MPU6050/MPU6050.o
                0x000021ca                _ZN7MPU605013setMemoryBankEhbb
 .text._ZN7MPU605021setMemoryStartAddressEh
                0x000021e0        0xc Arduino/ExtensionLibraries/MPU6050/MPU6050.o
                0x000021e0                _ZN7MPU605021setMemoryStartAddressEh
 .text._ZN7MPU605015readMemoryBlockEPhjhh
                0x000021ec       0xd4 Arduino/ExtensionLibraries/MPU6050/MPU6050.o
                0x000021ec                _ZN7MPU605015readMemoryBlockEPhjhh
 .text._ZN7MPU605016writeMemoryBlockEPKhjhhbb
                0x000022c0      0x1be Arduino/ExtensionLibraries/MPU6050/MPU6050.o
                0x000022c0                _ZN7MPU605016writeMemoryBlockEPKhjhhbb
 .text._ZN7MPU605020writeProgMemoryBlockEPKhjhhb
                0x0000247e       0x16 Arduino/ExtensionLibraries/MPU6050/MPU6050.o
                0x0000247e                _ZN7MPU605020writeProgMemoryBlockEPKhjhhb
 .text._ZN7MPU605024writeDMPConfigurationSetEPKhjb
                0x00002494      0x168 Arduino/ExtensionLibraries/MPU6050/MPU6050.o
                0x00002494                _ZN7MPU605024writeDMPConfigurationSetEPKhjb
 .text._ZN7MPU605028writeProgDMPConfigurationSetEPKhj
                0x000025fc        0x6 Arduino/ExtensionLibraries/MPU6050/MPU6050.o
                0x000025fc                _ZN7MPU605028writeProgDMPConfigurationSetEPKhj
 .text._ZN7MPU605013setDMPConfig1Eh
                0x00002602        0xc Arduino/ExtensionLibraries/MPU6050/MPU6050.o
                0x00002602                _ZN7MPU605013setDMPConfig1Eh
 .text._ZN7MPU605013setDMPConfig2Eh
                0x0000260e        0xc Arduino/ExtensionLibraries/MPU6050/MPU6050.o
                0x0000260e                _ZN7MPU605013setDMPConfig2Eh
 .text._ZN14SoftwareSerial4readEv
                0x0000261a       0x42 Arduino/StandardLibraries/SoftwareSerial/SoftwareSerial.o
                0x0000261a                _ZN14SoftwareSerial4readEv
 .text._ZN14SoftwareSerial5writeEh
                0x0000265c       0xa8 Arduino/StandardLibraries/SoftwareSerial/SoftwareSerial.o
                0x0000265c                _ZN14SoftwareSerial5writeEh
 .text._ZN14SoftwareSerial4peekEv
                0x00002704       0x30 Arduino/StandardLibraries/SoftwareSerial/SoftwareSerial.o
                0x00002704                _ZN14SoftwareSerial4peekEv
 .text._ZN14SoftwareSerial9availableEv
                0x00002734       0x30 Arduino/StandardLibraries/SoftwareSerial/SoftwareSerial.o
                0x00002734                _ZN14SoftwareSerial9availableEv
 .text._ZN14SoftwareSerial5flushEv
                0x00002764       0x1e Arduino/StandardLibraries/SoftwareSerial/SoftwareSerial.o
                0x00002764                _ZN14SoftwareSerial5flushEv
 .text._ZN14SoftwareSerial13stopListeningEv
                0x00002782       0x2c Arduino/StandardLibraries/SoftwareSerial/SoftwareSerial.o
                0x00002782                _ZN14SoftwareSerial13stopListeningEv
 .text._ZN14SoftwareSerial6listenEv
                0x000027ae       0x52 Arduino/StandardLibraries/SoftwareSerial/SoftwareSerial.o
                0x000027ae                _ZN14SoftwareSerial6listenEv
 .text.__vector_3
                0x00002800       0xf4 Arduino/StandardLibraries/SoftwareSerial/SoftwareSerial.o
                0x00002800                __vector_5
                0x00002800                __vector_4
                0x00002800                __vector_3
 .text._ZN14SoftwareSerialD2Ev
                0x000028f4        0xe Arduino/StandardLibraries/SoftwareSerial/SoftwareSerial.o
                0x000028f4                _ZN14SoftwareSerialD1Ev
                0x000028f4                _ZN14SoftwareSerialD2Ev
 .text._ZN14SoftwareSerial5setTXEh
                0x00002902       0x52 Arduino/StandardLibraries/SoftwareSerial/SoftwareSerial.o
                0x00002902                _ZN14SoftwareSerial5setTXEh
 .text._ZN14SoftwareSerial5setRXEh
                0x00002954       0x52 Arduino/StandardLibraries/SoftwareSerial/SoftwareSerial.o
                0x00002954                _ZN14SoftwareSerial5setRXEh
 .text._ZN14SoftwareSerialC2Ehhb
                0x000029a6       0x56 Arduino/StandardLibraries/SoftwareSerial/SoftwareSerial.o
                0x000029a6                _ZN14SoftwareSerialC1Ehhb
                0x000029a6                _ZN14SoftwareSerialC2Ehhb
 .text._ZN14SoftwareSerial5beginEl
                0x000029fc      0x11c Arduino/StandardLibraries/SoftwareSerial/SoftwareSerial.o
                0x000029fc                _ZN14SoftwareSerial5beginEl
 .text.twi_init
                0x00002b18       0x3c Arduino/StandardLibraries/Wire/utility/twi.o
                0x00002b18                twi_init
 .text.twi_readFrom
                0x00002b54       0x90 Arduino/StandardLibraries/Wire/utility/twi.o
                0x00002b54                twi_readFrom
 .text.twi_writeTo
                0x00002be4       0xac Arduino/StandardLibraries/Wire/utility/twi.o
                0x00002be4                twi_writeTo
 .text.twi_transmit
                0x00002c90       0x32 Arduino/StandardLibraries/Wire/utility/twi.o
                0x00002c90                twi_transmit
 .text.twi_stop
                0x00002cc2       0x14 Arduino/StandardLibraries/Wire/utility/twi.o
                0x00002cc2                twi_stop
 .text.twi_releaseBus
                0x00002cd6        0xc Arduino/StandardLibraries/Wire/utility/twi.o
                0x00002cd6                twi_releaseBus
 .text.__vector_24
                0x00002ce2      0x25a Arduino/StandardLibraries/Wire/utility/twi.o
                0x00002ce2                __vector_24
 .text._ZN7TwoWire9availableEv
                0x00002f3c       0x10 Arduino/StandardLibraries/Wire/Wire.o
                0x00002f3c                _ZN7TwoWire9availableEv
 .text._ZN7TwoWire4readEv
                0x00002f4c       0x28 Arduino/StandardLibraries/Wire/Wire.o
                0x00002f4c                _ZN7TwoWire4readEv
 .text._ZN7TwoWire4peekEv
                0x00002f74       0x1e Arduino/StandardLibraries/Wire/Wire.o
                0x00002f74                _ZN7TwoWire4peekEv
 .text._ZN7TwoWire5flushEv
                0x00002f92        0x2 Arduino/StandardLibraries/Wire/Wire.o
                0x00002f92                _ZN7TwoWire5flushEv
 .text._ZN7TwoWire5writeEPKhj
                0x00002f94       0x60 Arduino/StandardLibraries/Wire/Wire.o
                0x00002f94                _ZN7TwoWire5writeEPKhj
 .text._ZN7TwoWire5writeEh
                0x00002ff4       0x5e Arduino/StandardLibraries/Wire/Wire.o
                0x00002ff4                _ZN7TwoWire5writeEh
 .text._ZN7TwoWireC2Ev
                0x00003052       0x20 Arduino/StandardLibraries/Wire/Wire.o
                0x00003052                _ZN7TwoWireC1Ev
                0x00003052                _ZN7TwoWireC2Ev
 .text._ZN7TwoWire5beginEv
                0x00003072       0x14 Arduino/StandardLibraries/Wire/Wire.o
                0x00003072                _ZN7TwoWire5beginEv
 .text._ZN7TwoWire17beginTransmissionEh
                0x00003086       0x14 Arduino/StandardLibraries/Wire/Wire.o
                0x00003086                _ZN7TwoWire17beginTransmissionEh
 .text._ZN7TwoWire15endTransmissionEh
                0x0000309a       0x26 Arduino/StandardLibraries/Wire/Wire.o
                0x0000309a                _ZN7TwoWire15endTransmissionEh
 .text._ZN7TwoWire11requestFromEhhmhh
                0x000030c0       0xa8 Arduino/StandardLibraries/Wire/Wire.o
                0x000030c0                _ZN7TwoWire11requestFromEhhmhh
 .text._ZN7TwoWire11requestFromEhhh
                0x00003168       0x20 Arduino/StandardLibraries/Wire/Wire.o
                0x00003168                _ZN7TwoWire11requestFromEhhh
 .text._ZN7TwoWire11requestFromEhh
                0x00003188        0x6 Arduino/StandardLibraries/Wire/Wire.o
                0x00003188                _ZN7TwoWire11requestFromEhh
 .text._ZN7TwoWire15endTransmissionEv
                0x0000318e        0x6 Arduino/StandardLibraries/Wire/Wire.o
                0x0000318e                _ZN7TwoWire15endTransmissionEv
 .text.startup._GLOBAL__sub_I__ZN7TwoWire8rxBufferE
                0x00003194        0x8 Arduino/StandardLibraries/Wire/Wire.o
 .text._Z12dmpDataReadyv
                0x0000319c        0x8 Sketch.o
                0x0000319c                _Z12dmpDataReadyv
 .text._ZN7MPU605013dmpInitializeEv
                0x000031a4      0x4fc Sketch.o
                0x000031a4                _ZN7MPU605013dmpInitializeEv
 .text._ZN7MPU605016dmpGetQuaternionEPiPKh
                0x000036a0       0x68 Sketch.o
                0x000036a0                _ZN7MPU605016dmpGetQuaternionEPiPKh
 .text._ZN7MPU605016dmpGetQuaternionEP10QuaternionPKh
                0x00003708       0xde Sketch.o
                0x00003708                _ZN7MPU605016dmpGetQuaternionEP10QuaternionPKh
 .text._ZN7MPU605013dmpGetGravityEP11VectorFloatP10Quaternion
                0x000037e6      0x198 Sketch.o
                0x000037e6                _ZN7MPU605013dmpGetGravityEP11VectorFloatP10Quaternion
 .text._ZN7MPU605018dmpGetYawPitchRollEPfP10QuaternionP11VectorFloat
                0x0000397e      0x1e4 Sketch.o
                0x0000397e                _ZN7MPU605018dmpGetYawPitchRollEPfP10QuaternionP11VectorFloat
 .text.startup._GLOBAL__sub_I__ZN7MPU605013dmpInitializeEv
                0x00003b62       0x98 Sketch.o
 .text.exit._GLOBAL__sub_D__ZN7MPU605013dmpInitializeEv
                0x00003bfa        0x8 Sketch.o
 .text.setup    0x00003c02      0x1ce Sketch.o
                0x00003c02                setup
 .text.loop     0x00003dd0      0x386 Sketch.o
                0x00003dd0                loop
 .text.avr-libc.fplib
                0x00004156        0xe c:/program files (x86)/atmel/studio/7.0/toolchain/avr8/avr8-gnu-toolchain/bin/../lib/gcc/avr/4.9.2/../../../../avr/lib/avr5\libm.a(addsf3.o)
                0x00004156                __subsf3
                0x00004158                __addsf3
 .text.avr-libc.fplib
                0x00004164       0xcc c:/program files (x86)/atmel/studio/7.0/toolchain/avr8/avr8-gnu-toolchain/bin/../lib/gcc/avr/4.9.2/../../../../avr/lib/avr5\libm.a(addsf3x.o)
                0x00004186                __addsf3x
 .text.avr-libc.fplib
                0x00004230       0x86 c:/program files (x86)/atmel/studio/7.0/toolchain/avr8/avr8-gnu-toolchain/bin/../lib/gcc/avr/4.9.2/../../../../avr/lib/avr5\libm.a(atan2.o)
                0x00004256                atan2
 .text.avr-libc.fplib
                0x000042b6       0x5e c:/program files (x86)/atmel/studio/7.0/toolchain/avr8/avr8-gnu-toolchain/bin/../lib/gcc/avr/4.9.2/../../../../avr/lib/avr5\libm.a(atan.o)
                0x000042b6                atan
 .text.avr-libc.fplib
                0x00004314        0xa c:/program files (x86)/atmel/studio/7.0/toolchain/avr8/avr8-gnu-toolchain/bin/../lib/gcc/avr/4.9.2/../../../../avr/lib/avr5\libm.a(cmpsf2.o)
                0x00004314                __nesf2
                0x00004314                __eqsf2
                0x00004314                __cmpsf2
                0x00004314                __ltsf2
                0x00004314                __lesf2
 .text.avr-libc.fplib
                0x0000431e        0x8 c:/program files (x86)/atmel/studio/7.0/toolchain/avr8/avr8-gnu-toolchain/bin/../lib/gcc/avr/4.9.2/../../../../avr/lib/avr5\libm.a(divsf3.o)
                0x0000431e                __divsf3
 .text.avr-libc.fplib
                0x00004326       0xdc c:/program files (x86)/atmel/studio/7.0/toolchain/avr8/avr8-gnu-toolchain/bin/../lib/gcc/avr/4.9.2/../../../../avr/lib/avr5\libm.a(divsf3x.o)
                0x00004346                __divsf3x
                0x0000434c                __divsf3_pse
 .text.avr-libc.fplib
                0x00004402        0xe c:/program files (x86)/atmel/studio/7.0/toolchain/avr8/avr8-gnu-toolchain/bin/../lib/gcc/avr/4.9.2/../../../../avr/lib/avr5\libm.a(fixsfsi.o)
                0x00004402                __fixsfsi
 .text.avr-libc.fplib
                0x00004410       0x5e c:/program files (x86)/atmel/studio/7.0/toolchain/avr8/avr8-gnu-toolchain/bin/../lib/gcc/avr/4.9.2/../../../../avr/lib/avr5\libm.a(fixunssfsi.o)
                0x00004410                __fixunssfsi
 .text.avr-libc.fplib
                0x0000446e       0x7a c:/program files (x86)/atmel/studio/7.0/toolchain/avr8/avr8-gnu-toolchain/bin/../lib/gcc/avr/4.9.2/../../../../avr/lib/avr5\libm.a(floatsisf.o)
                0x0000446e                __floatunsisf
                0x00004472                __floatsisf
 .text.avr-libc.fplib
                0x000044e8       0x48 c:/program files (x86)/atmel/studio/7.0/toolchain/avr8/avr8-gnu-toolchain/bin/../lib/gcc/avr/4.9.2/../../../../avr/lib/avr5\libm.a(fp_cmp.o)
                0x000044e8                __fp_cmp
 .text.avr-libc.fplib
                0x00004530        0xc c:/program files (x86)/atmel/studio/7.0/toolchain/avr8/avr8-gnu-toolchain/bin/../lib/gcc/avr/4.9.2/../../../../avr/lib/avr5\libm.a(fp_inf.o)
                0x00004530                __fp_inf
 .text.avr-libc.fplib
                0x0000453c        0x6 c:/program files (x86)/atmel/studio/7.0/toolchain/avr8/avr8-gnu-toolchain/bin/../lib/gcc/avr/4.9.2/../../../../avr/lib/avr5\libm.a(fp_nan.o)
                0x0000453c                __fp_nan
 .text.avr-libc.fplib
                0x00004542       0x4e c:/program files (x86)/atmel/studio/7.0/toolchain/avr8/avr8-gnu-toolchain/bin/../lib/gcc/avr/4.9.2/../../../../avr/lib/avr5\libm.a(fp_powser.o)
                0x00004542                __fp_powser
 .text.avr-libc.fplib
                0x00004590        0xe c:/program files (x86)/atmel/studio/7.0/toolchain/avr8/avr8-gnu-toolchain/bin/../lib/gcc/avr/4.9.2/../../../../avr/lib/avr5\libm.a(fp_pscA.o)
                0x00004590                __fp_pscA
 .text.avr-libc.fplib
                0x0000459e        0xe c:/program files (x86)/atmel/studio/7.0/toolchain/avr8/avr8-gnu-toolchain/bin/../lib/gcc/avr/4.9.2/../../../../avr/lib/avr5\libm.a(fp_pscB.o)
                0x0000459e                __fp_pscB
 .text.avr-libc.fplib
                0x000045ac       0x22 c:/program files (x86)/atmel/studio/7.0/toolchain/avr8/avr8-gnu-toolchain/bin/../lib/gcc/avr/4.9.2/../../../../avr/lib/avr5\libm.a(fp_round.o)
                0x000045ac                __fp_round
 .text.avr-libc.fplib
                0x000045ce       0x44 c:/program files (x86)/atmel/studio/7.0/toolchain/avr8/avr8-gnu-toolchain/bin/../lib/gcc/avr/4.9.2/../../../../avr/lib/avr5\libm.a(fp_split3.o)
                0x000045ce                __fp_split3
                0x000045de                __fp_splitA
 .text.avr-libc.fplib
                0x00004612        0xe c:/program files (x86)/atmel/studio/7.0/toolchain/avr8/avr8-gnu-toolchain/bin/../lib/gcc/avr/4.9.2/../../../../avr/lib/avr5\libm.a(fp_zero.o)
                0x00004612                __fp_zero
                0x00004614                __fp_szero
 .text.avr-libc.fplib
                0x00004620        0xa c:/program files (x86)/atmel/studio/7.0/toolchain/avr8/avr8-gnu-toolchain/bin/../lib/gcc/avr/4.9.2/../../../../avr/lib/avr5\libm.a(gesf2.o)
                0x00004620                __gesf2
                0x00004620                __gtsf2
 .text.avr-libc.fplib
                0x0000462a       0x10 c:/program files (x86)/atmel/studio/7.0/toolchain/avr8/avr8-gnu-toolchain/bin/../lib/gcc/avr/4.9.2/../../../../avr/lib/avr5\libm.a(inverse.o)
                0x0000462a                inverse
 .text.avr-libc.fplib
                0x0000463a        0x8 c:/program files (x86)/atmel/studio/7.0/toolchain/avr8/avr8-gnu-toolchain/bin/../lib/gcc/avr/4.9.2/../../../../avr/lib/avr5\libm.a(mulsf3.o)
                0x0000463a                __mulsf3
 .text.avr-libc.fplib
                0x00004642       0xd2 c:/program files (x86)/atmel/studio/7.0/toolchain/avr8/avr8-gnu-toolchain/bin/../lib/gcc/avr/4.9.2/../../../../avr/lib/avr5\libm.a(mulsf3x.o)
                0x00004660                __mulsf3x
                0x00004666                __mulsf3_pse
 .text.avr-libc.fplib
                0x00004714       0x8c c:/program files (x86)/atmel/studio/7.0/toolchain/avr8/avr8-gnu-toolchain/bin/../lib/gcc/avr/4.9.2/../../../../avr/lib/avr5\libm.a(sqrt.o)
                0x00004720                sqrtf
                0x00004720                sqrt
 .text.avr-libc.fplib
                0x000047a0        0x8 c:/program files (x86)/atmel/studio/7.0/toolchain/avr8/avr8-gnu-toolchain/bin/../lib/gcc/avr/4.9.2/../../../../avr/lib/avr5\libm.a(square.o)
                0x000047a0                square
 .text.avr-libc.fplib
                0x000047a8        0xa c:/program files (x86)/atmel/studio/7.0/toolchain/avr8/avr8-gnu-toolchain/bin/../lib/gcc/avr/4.9.2/../../../../avr/lib/avr5\libm.a(unordsf2.o)
                0x000047a8                __unordsf2
 .text.avr-libc.fplib
                0x000047b2       0x1c c:/program files (x86)/atmel/studio/7.0/toolchain/avr8/avr8-gnu-toolchain/bin/../lib/gcc/avr/4.9.2/../../../../avr/lib/avr5\libm.a(fp_mpack.o)
                0x000047b2                __fp_mpack
                0x000047b6                __fp_mpack_finite
 .text.avr-libc.fplib
                0x000047ce        0xe c:/program files (x86)/atmel/studio/7.0/toolchain/avr8/avr8-gnu-toolchain/bin/../lib/gcc/avr/4.9.2/../../../../avr/lib/avr5\libm.a(fp_norm2.o)
                0x000047ce                __fp_norm2
 .text.libgcc.div
                0x000047dc       0x28 c:/program files (x86)/atmel/studio/7.0/toolchain/avr8/avr8-gnu-toolchain/bin/../lib/gcc/avr/4.9.2/avr5\libgcc.a(_divmodhi4.o)
                0x000047dc                _div
                0x000047dc                __divmodhi4
 .text.libgcc.div
                0x00004804       0x44 c:/program files (x86)/atmel/studio/7.0/toolchain/avr8/avr8-gnu-toolchain/bin/../lib/gcc/avr/4.9.2/avr5\libgcc.a(_udivmodsi4.o)
                0x00004804                __udivmodsi4
 .text.libgcc.div
                0x00004848       0x2e c:/program files (x86)/atmel/studio/7.0/toolchain/avr8/avr8-gnu-toolchain/bin/../lib/gcc/avr/4.9.2/avr5\libgcc.a(_divmodsi4.o)
                0x00004848                __divmodsi4
 .text.libgcc.div
                0x00004876       0x10 c:/program files (x86)/atmel/studio/7.0/toolchain/avr8/avr8-gnu-toolchain/bin/../lib/gcc/avr/4.9.2/avr5\libgcc.a(_negsi2.o)
                0x00004876                __negsi2
 .text.libgcc.div
                0x00004886       0x28 c:/program files (x86)/atmel/studio/7.0/toolchain/avr8/avr8-gnu-toolchain/bin/../lib/gcc/avr/4.9.2/avr5\libgcc.a(_udivmodhi4.o)
                0x00004886                __udivmodhi4
 .text.libgcc   0x000048ae        0xc c:/program files (x86)/atmel/studio/7.0/toolchain/avr8/avr8-gnu-toolchain/bin/../lib/gcc/avr/4.9.2/avr5\libgcc.a(_tablejump2.o)
                0x000048ae                __tablejump2__
 .text.avr-libc
                0x000048ba      0x25a c:/program files (x86)/atmel/studio/7.0/toolchain/avr8/avr8-gnu-toolchain/bin/../lib/gcc/avr/4.9.2/../../../../avr/lib/avr5\libc.a(malloc.o)
                0x000048ba                malloc
                0x000049e4                free
 .text.avr-libc
                0x00004b14      0x194 c:/program files (x86)/atmel/studio/7.0/toolchain/avr8/avr8-gnu-toolchain/bin/../lib/gcc/avr/4.9.2/../../../../avr/lib/avr5\libc.a(realloc.o)
                0x00004b14                realloc
 .text.avr-libc
                0x00004ca8       0x1a c:/program files (x86)/atmel/studio/7.0/toolchain/avr8/avr8-gnu-toolchain/bin/../lib/gcc/avr/4.9.2/../../../../avr/lib/avr5\libc.a(memcmp.o)
                0x00004ca8                memcmp
 .text.avr-libc
                0x00004cc2       0x12 c:/program files (x86)/atmel/studio/7.0/toolchain/avr8/avr8-gnu-toolchain/bin/../lib/gcc/avr/4.9.2/../../../../avr/lib/avr5\libc.a(memcpy.o)
                0x00004cc2                memcpy
 .text.libgcc.prologue
                0x00004cd4       0x38 c:/program files (x86)/atmel/studio/7.0/toolchain/avr8/avr8-gnu-toolchain/bin/../lib/gcc/avr/4.9.2/avr5\libgcc.a(_prologue.o)
                0x00004cd4                __prologue_saves__
 .text.libgcc.prologue
                0x00004d0c       0x36 c:/program files (x86)/atmel/studio/7.0/toolchain/avr8/avr8-gnu-toolchain/bin/../lib/gcc/avr/4.9.2/avr5\libgcc.a(_epilogue.o)
                0x00004d0c                __epilogue_restores__
                0x00004d42                . = ALIGN (0x2)
 *(.fini9)
 .fini9         0x00004d42        0x0 c:/program files (x86)/atmel/studio/7.0/toolchain/avr8/avr8-gnu-toolchain/bin/../lib/gcc/avr/4.9.2/avr5\libgcc.a(_exit.o)
                0x00004d42                _exit
                0x00004d42                exit
 *(.fini9)
 *(.fini8)
 *(.fini8)
 *(.fini7)
 *(.fini7)
 *(.fini6)
 .fini6         0x00004d42       0x16 c:/program files (x86)/atmel/studio/7.0/toolchain/avr8/avr8-gnu-toolchain/bin/../lib/gcc/avr/4.9.2/avr5\libgcc.a(_dtors.o)
                0x00004d42                __do_global_dtors
 *(.fini6)
 *(.fini5)
 *(.fini5)
 *(.fini4)
 *(.fini4)
 *(.fini3)
 *(.fini3)
 *(.fini2)
 *(.fini2)
 *(.fini1)
 *(.fini1)
 *(.fini0)
 .fini0         0x00004d58        0x4 c:/program files (x86)/atmel/studio/7.0/toolchain/avr8/avr8-gnu-toolchain/bin/../lib/gcc/avr/4.9.2/avr5\libgcc.a(_exit.o)
 *(.fini0)
                0x00004d5c                _etext = .

.data           0x00800100       0xb8 load address 0x00004d5c
                0x00800100                PROVIDE (__data_start, .)
 *(.data)
 .data          0x00800100        0x6 c:/program files (x86)/atmel/studio/7.0/toolchain/avr8/avr8-gnu-toolchain/bin/../lib/gcc/avr/4.9.2/../../../../avr/lib/avr5\libc.a(malloc.o)
                0x00800100                __malloc_heap_end
                0x00800102                __malloc_heap_start
                0x00800104                __malloc_margin
 *(.data*)
 .data._ZL9tone_pins
                0x00800106        0x1 Arduino/ArduinoCore/Tone.o
 .data.intFunc  0x00800107        0x4 Arduino/ArduinoCore/WInterrupts.o
 .data._ZN6I2Cdev11readTimeoutE
                0x0080010b        0x2 Arduino/ExtensionLibraries/I2Cdev/I2Cdev.o
                0x0080010b                _ZN6I2Cdev11readTimeoutE
 *(.rodata)
 *(.rodata*)
 .rodata._ZTV14HardwareSerial
                0x0080010d       0x10 Arduino/ArduinoCore/HardwareSerial.o
                0x0080010d                _ZTV14HardwareSerial
 .rodata._ZTV9IPAddress
                0x0080011d        0x6 Arduino/ArduinoCore/IPAddress.o
                0x0080011d                _ZTV9IPAddress
 .rodata.str1.1
                0x00800123       0x11 Arduino/ArduinoCore/Print.o
 .rodata._ZTV14SoftwareSerial
                0x00800134       0x10 Arduino/StandardLibraries/SoftwareSerial/SoftwareSerial.o
                0x00800134                _ZTV14SoftwareSerial
 .rodata._ZTV7TwoWire
                0x00800144       0x10 Arduino/StandardLibraries/Wire/Wire.o
                0x00800144                _ZTV7TwoWire
 .rodata.str1.1
                0x00800154       0x64 Sketch.o
                                 0x6d (size before relaxing)
 *(.gnu.linkonce.d*)
                0x008001b8                . = ALIGN (0x2)
                0x008001b8                _edata = .
                0x008001b8                PROVIDE (__data_end, .)

.bss            0x008001b8      0x283
                0x008001b8                PROVIDE (__bss_start, .)
 *(.bss)
 *(.bss*)
 .bss.Serial    0x008001b8       0x9d Arduino/ArduinoCore/HardwareSerial0.o
                0x008001b8                Serial
 .bss._ZL11INADDR_NONE
                0x00800255        0x6 Arduino/ArduinoCore/IPAddress.o
 .bss.timer2_pin_mask
                0x0080025b        0x1 Arduino/ArduinoCore/Tone.o
                0x0080025b                timer2_pin_mask
 .bss.timer2_pin_port
                0x0080025c        0x2 Arduino/ArduinoCore/Tone.o
                0x0080025c                timer2_pin_port
 .bss.timer2_toggle_count
                0x0080025e        0x4 Arduino/ArduinoCore/Tone.o
                0x0080025e                timer2_toggle_count
 .bss.timer0_fract
                0x00800262        0x1 Arduino/ArduinoCore/wiring.o
 .bss.timer0_millis
                0x00800263        0x4 Arduino/ArduinoCore/wiring.o
                0x00800263                timer0_millis
 .bss.timer0_overflow_count
                0x00800267        0x4 Arduino/ArduinoCore/wiring.o
                0x00800267                timer0_overflow_count
 .bss._ZN14SoftwareSerial20_receive_buffer_headE
                0x0080026b        0x1 Arduino/StandardLibraries/SoftwareSerial/SoftwareSerial.o
                0x0080026b                _ZN14SoftwareSerial20_receive_buffer_headE
 .bss._ZN14SoftwareSerial20_receive_buffer_tailE
                0x0080026c        0x1 Arduino/StandardLibraries/SoftwareSerial/SoftwareSerial.o
                0x0080026c                _ZN14SoftwareSerial20_receive_buffer_tailE
 .bss._ZN14SoftwareSerial15_receive_bufferE
                0x0080026d       0x40 Arduino/StandardLibraries/SoftwareSerial/SoftwareSerial.o
                0x0080026d                _ZN14SoftwareSerial15_receive_bufferE
 .bss._ZN14SoftwareSerial13active_objectE
                0x008002ad        0x2 Arduino/StandardLibraries/SoftwareSerial/SoftwareSerial.o
                0x008002ad                _ZN14SoftwareSerial13active_objectE
 .bss.twi_error
                0x008002af        0x1 Arduino/StandardLibraries/Wire/utility/twi.o
 .bss.twi_rxBufferIndex
                0x008002b0        0x1 Arduino/StandardLibraries/Wire/utility/twi.o
 .bss.twi_rxBuffer
                0x008002b1       0x20 Arduino/StandardLibraries/Wire/utility/twi.o
 .bss.twi_txBufferLength
                0x008002d1        0x1 Arduino/StandardLibraries/Wire/utility/twi.o
 .bss.twi_txBufferIndex
                0x008002d2        0x1 Arduino/StandardLibraries/Wire/utility/twi.o
 .bss.twi_txBuffer
                0x008002d3       0x20 Arduino/StandardLibraries/Wire/utility/twi.o
 .bss.twi_masterBufferLength
                0x008002f3        0x1 Arduino/StandardLibraries/Wire/utility/twi.o
 .bss.twi_masterBufferIndex
                0x008002f4        0x1 Arduino/StandardLibraries/Wire/utility/twi.o
 .bss.twi_masterBuffer
                0x008002f5       0x20 Arduino/StandardLibraries/Wire/utility/twi.o
 .bss.twi_onSlaveReceive
                0x00800315        0x2 Arduino/StandardLibraries/Wire/utility/twi.o
 .bss.twi_onSlaveTransmit
                0x00800317        0x2 Arduino/StandardLibraries/Wire/utility/twi.o
 .bss.twi_inRepStart
                0x00800319        0x1 Arduino/StandardLibraries/Wire/utility/twi.o
 .bss.twi_sendStop
                0x0080031a        0x1 Arduino/StandardLibraries/Wire/utility/twi.o
 .bss.twi_slarw
                0x0080031b        0x1 Arduino/StandardLibraries/Wire/utility/twi.o
 .bss.twi_state
                0x0080031c        0x1 Arduino/StandardLibraries/Wire/utility/twi.o
 .bss.Wire      0x0080031d        0xc Arduino/StandardLibraries/Wire/Wire.o
                0x0080031d                Wire
 .bss._ZN7TwoWire12transmittingE
                0x00800329        0x1 Arduino/StandardLibraries/Wire/Wire.o
                0x00800329                _ZN7TwoWire12transmittingE
 .bss._ZN7TwoWire14txBufferLengthE
                0x0080032a        0x1 Arduino/StandardLibraries/Wire/Wire.o
                0x0080032a                _ZN7TwoWire14txBufferLengthE
 .bss._ZN7TwoWire13txBufferIndexE
                0x0080032b        0x1 Arduino/StandardLibraries/Wire/Wire.o
                0x0080032b                _ZN7TwoWire13txBufferIndexE
 .bss._ZN7TwoWire8txBufferE
                0x0080032c       0x20 Arduino/StandardLibraries/Wire/Wire.o
                0x0080032c                _ZN7TwoWire8txBufferE
 .bss._ZN7TwoWire9txAddressE
                0x0080034c        0x1 Arduino/StandardLibraries/Wire/Wire.o
                0x0080034c                _ZN7TwoWire9txAddressE
 .bss._ZN7TwoWire14rxBufferLengthE
                0x0080034d        0x1 Arduino/StandardLibraries/Wire/Wire.o
                0x0080034d                _ZN7TwoWire14rxBufferLengthE
 .bss._ZN7TwoWire13rxBufferIndexE
                0x0080034e        0x1 Arduino/StandardLibraries/Wire/Wire.o
                0x0080034e                _ZN7TwoWire13rxBufferIndexE
 .bss._ZN7TwoWire8rxBufferE
                0x0080034f       0x20 Arduino/StandardLibraries/Wire/Wire.o
                0x0080034f                _ZN7TwoWire8rxBufferE
 .bss.mpuInterrupt
                0x0080036f        0x1 Sketch.o
                0x0080036f                mpuInterrupt
 .bss.ypr_RollValue
                0x00800370        0x4 Sketch.o
                0x00800370                ypr_RollValue
 .bss.ypr_PitchValue
                0x00800374        0x4 Sketch.o
                0x00800374                ypr_PitchValue
 .bss.ypr       0x00800378        0xc Sketch.o
                0x00800378                ypr
 .bss.gravity   0x00800384        0xc Sketch.o
                0x00800384                gravity
 .bss.aaWorld   0x00800390        0x6 Sketch.o
                0x00800390                aaWorld
 .bss.aaReal    0x00800396        0x6 Sketch.o
                0x00800396                aaReal
 .bss.aa        0x0080039c        0x6 Sketch.o
                0x0080039c                aa
 .bss.q         0x008003a2       0x10 Sketch.o
                0x008003a2                q
 .bss.fifoBuffer
                0x008003b2       0x40 Sketch.o
                0x008003b2                fifoBuffer
 .bss.fifoCount
                0x008003f2        0x2 Sketch.o
                0x008003f2                fifoCount
 .bss.packetSize
                0x008003f4        0x2 Sketch.o
                0x008003f4                packetSize
 .bss.devStatus
                0x008003f6        0x1 Sketch.o
                0x008003f6                devStatus
 .bss.mpuIntStatus
                0x008003f7        0x1 Sketch.o
                0x008003f7                mpuIntStatus
 .bss.dmpReady  0x008003f8        0x1 Sketch.o
                0x008003f8                dmpReady
 .bss.blinkState
                0x008003f9        0x1 Sketch.o
                0x008003f9                blinkState
 .bss.bt_buffer
                0x008003fa        0x1 Sketch.o
                0x008003fa                bt_buffer
 .bss.bt_Serial
                0x008003fb       0x1f Sketch.o
                0x008003fb                bt_Serial
 .bss.bot       0x0080041a        0xa Sketch.o
                0x0080041a                bot
 .bss.mpu       0x00800424       0x13 Sketch.o
                0x00800424                mpu
 *(COMMON)
 COMMON         0x00800437        0x4 c:/program files (x86)/atmel/studio/7.0/toolchain/avr8/avr8-gnu-toolchain/bin/../lib/gcc/avr/4.9.2/../../../../avr/lib/avr5\libc.a(malloc.o)
                0x00800437                __brkval
                0x00800439                __flp
                0x0080043b                PROVIDE (__bss_end, .)
                0x00004d5c                __data_load_start = LOADADDR (.data)
                0x00004e14                __data_load_end = (__data_load_start + SIZEOF (.data))

.noinit         0x0080043b        0x0
                0x0080043b                PROVIDE (__noinit_start, .)
 *(.noinit*)
                0x0080043b                PROVIDE (__noinit_end, .)
                0x0080043b                _end = .
                0x0080043b                PROVIDE (__heap_start, .)

.eeprom         0x00810000        0x0
 *(.eeprom*)
                0x00810000                __eeprom_end = .

.fuse
 *(.fuse)
 *(.lfuse)
 *(.hfuse)
 *(.efuse)

.lock
 *(.lock*)

.signature
 *(.signature*)

.user_signatures
 *(.user_signatures*)

.stab
 *(.stab)

.stabstr
 *(.stabstr)

.stab.excl
 *(.stab.excl)

.stab.exclstr
 *(.stab.exclstr)

.stab.index
 *(.stab.index)

.stab.indexstr
 *(.stab.indexstr)

.comment        0x00000000       0x30
 *(.comment)
 .comment       0x00000000       0x30 Arduino/ArduinoCore/HardwareSerial.o
                                 0x31 (size before relaxing)
 .comment       0x00000030       0x31 Arduino/ArduinoCore/HardwareSerial0.o
 .comment       0x00000030       0x31 Arduino/ArduinoCore/hooks.o
 .comment       0x00000030       0x31 Arduino/ArduinoCore/IPAddress.o
 .comment       0x00000030       0x31 Arduino/ArduinoCore/main.o
 .comment       0x00000030       0x31 Arduino/ArduinoCore/Print.o
 .comment       0x00000030       0x31 Arduino/ArduinoCore/Tone.o
 .comment       0x00000030       0x31 Arduino/ArduinoCore/WInterrupts.o
 .comment       0x00000030       0x31 Arduino/ArduinoCore/wiring.o
 .comment       0x00000030       0x31 Arduino/ArduinoCore/wiring_digital.o
 .comment       0x00000030       0x31 Arduino/ExtensionLibraries/DCMotorBot-master/DCMotorBot.o
 .comment       0x00000030       0x31 Arduino/ExtensionLibraries/I2Cdev/I2Cdev.o
 .comment       0x00000030       0x31 Arduino/ExtensionLibraries/MPU6050/MPU6050.o
 .comment       0x00000030       0x31 Arduino/StandardLibraries/SoftwareSerial/SoftwareSerial.o
 .comment       0x00000030       0x31 Arduino/StandardLibraries/Wire/utility/twi.o
 .comment       0x00000030       0x31 Arduino/StandardLibraries/Wire/Wire.o
 .comment       0x00000030       0x31 Sketch.o
 .comment       0x00000030       0x31 c:/program files (x86)/atmel/studio/7.0/toolchain/avr8/avr8-gnu-toolchain/bin/../lib/gcc/avr/4.9.2/../../../../avr/lib/avr5\libc.a(malloc.o)
 .comment       0x00000030       0x31 c:/program files (x86)/atmel/studio/7.0/toolchain/avr8/avr8-gnu-toolchain/bin/../lib/gcc/avr/4.9.2/../../../../avr/lib/avr5\libc.a(realloc.o)

.note.gnu.avr.deviceinfo
                0x00000000       0x40
 .note.gnu.avr.deviceinfo
                0x00000000       0x40 C:/Program Files (x86)/Atmel/Studio/7.0/Packs/atmel/ATmega_DFP/1.0.90/gcc/dev/atmega328p/avr5/crtatmega328p.o

.note.gnu.build-id
 *(.note.gnu.build-id)

.debug
 *(.debug)

.line
 *(.line)

.debug_srcinfo
 *(.debug_srcinfo)

.debug_sfnames
 *(.debug_sfnames)

.debug_aranges
 *(.debug_aranges)

.debug_pubnames
 *(.debug_pubnames)

.debug_info
 *(.debug_info .gnu.linkonce.wi.*)

.debug_abbrev
 *(.debug_abbrev)

.debug_line
 *(.debug_line .debug_line.* .debug_line_end)

.debug_frame
 *(.debug_frame)

.debug_str
 *(.debug_str)

.debug_loc
 *(.debug_loc)

.debug_macinfo
 *(.debug_macinfo)

.debug_weaknames
 *(.debug_weaknames)

.debug_funcnames
 *(.debug_funcnames)

.debug_typenames
 *(.debug_typenames)

.debug_varnames
 *(.debug_varnames)

.debug_pubtypes
 *(.debug_pubtypes)

.debug_ranges
 *(.debug_ranges)

.debug_macro
 *(.debug_macro)
OUTPUT(sbr_1_2.elf elf32-avr)
LOAD linker stubs
